Component: ARM Compiler 5.06 update 6 (build 750) Tool: armlink [4d35ed]

==============================================================================

Section Cross References

    startup_stm32f407xx.o(RESET) refers to startup_stm32f407xx.o(STACK) for __initial_sp
    startup_stm32f407xx.o(RESET) refers to startup_stm32f407xx.o(.text) for Reset_Handler
    startup_stm32f407xx.o(RESET) refers to stm32f4xx_it.o(i.NMI_Handler) for NMI_Handler
    startup_stm32f407xx.o(RESET) refers to stm32f4xx_it.o(i.HardFault_Handler) for HardFault_Handler
    startup_stm32f407xx.o(RESET) refers to stm32f4xx_it.o(i.MemManage_Handler) for MemManage_Handler
    startup_stm32f407xx.o(RESET) refers to stm32f4xx_it.o(i.BusFault_Handler) for BusFault_Handler
    startup_stm32f407xx.o(RESET) refers to stm32f4xx_it.o(i.UsageFault_Handler) for UsageFault_Handler
    startup_stm32f407xx.o(RESET) refers to stm32f4xx_it.o(i.SVC_Handler) for SVC_Handler
    startup_stm32f407xx.o(RESET) refers to stm32f4xx_it.o(i.DebugMon_Handler) for DebugMon_Handler
    startup_stm32f407xx.o(RESET) refers to stm32f4xx_it.o(i.PendSV_Handler) for PendSV_Handler
    startup_stm32f407xx.o(RESET) refers to stm32f4xx_it.o(i.SysTick_Handler) for SysTick_Handler
    startup_stm32f407xx.o(RESET) refers to stm32f4xx_it.o(i.DMA1_Stream0_IRQHandler) for DMA1_Stream0_IRQHandler
    startup_stm32f407xx.o(RESET) refers to stm32f4xx_it.o(i.DMA1_Stream6_IRQHandler) for DMA1_Stream6_IRQHandler
    startup_stm32f407xx.o(RESET) refers to stm32f4xx_it.o(i.I2C1_EV_IRQHandler) for I2C1_EV_IRQHandler
    startup_stm32f407xx.o(RESET) refers to stm32f4xx_it.o(i.I2C1_ER_IRQHandler) for I2C1_ER_IRQHandler
    startup_stm32f407xx.o(.text) refers to system_stm32f4xx.o(i.SystemInit) for SystemInit
    startup_stm32f407xx.o(.text) refers to entry.o(.ARM.Collect$$$$00000000) for __main
    main.o(i.HAL_I2C_ErrorCallback) refers to stm32f4xx_hal_i2c.o(i.HAL_I2C_Slave_Receive_DMA) for HAL_I2C_Slave_Receive_DMA
    main.o(i.HAL_I2C_ErrorCallback) refers to main.o(.bss) for .bss
    main.o(i.HAL_I2C_SlaveRxCpltCallback) refers to memcpya.o(.text) for __aeabi_memcpy
    main.o(i.HAL_I2C_SlaveRxCpltCallback) refers to stm32f4xx_hal_i2c.o(i.HAL_I2C_Slave_Receive_DMA) for HAL_I2C_Slave_Receive_DMA
    main.o(i.HAL_I2C_SlaveRxCpltCallback) refers to main.o(.data) for .data
    main.o(i.HAL_I2C_SlaveRxCpltCallback) refers to main.o(.bss) for .bss
    main.o(i.MX_GPIO_Init) refers to memseta.o(.text) for __aeabi_memclr4
    main.o(i.MX_GPIO_Init) refers to stm32f4xx_hal_gpio.o(i.HAL_GPIO_WritePin) for HAL_GPIO_WritePin
    main.o(i.MX_GPIO_Init) refers to stm32f4xx_hal_gpio.o(i.HAL_GPIO_Init) for HAL_GPIO_Init
    main.o(i.SystemClock_Config) refers to memseta.o(.text) for __aeabi_memclr4
    main.o(i.SystemClock_Config) refers to stm32f4xx_hal_rcc.o(i.HAL_RCC_OscConfig) for HAL_RCC_OscConfig
    main.o(i.SystemClock_Config) refers to stm32f4xx_hal_rcc.o(i.HAL_RCC_ClockConfig) for HAL_RCC_ClockConfig
    main.o(i.main) refers to stm32f4xx_hal.o(i.HAL_Init) for HAL_Init
    main.o(i.main) refers to main.o(i.SystemClock_Config) for SystemClock_Config
    main.o(i.main) refers to main.o(i.MX_GPIO_Init) for MX_GPIO_Init
    main.o(i.main) refers to stm32f4xx_hal_cortex.o(i.HAL_NVIC_SetPriority) for HAL_NVIC_SetPriority
    main.o(i.main) refers to stm32f4xx_hal_cortex.o(i.HAL_NVIC_EnableIRQ) for HAL_NVIC_EnableIRQ
    main.o(i.main) refers to stm32f4xx_hal_i2c.o(i.HAL_I2C_Init) for HAL_I2C_Init
    main.o(i.main) refers to stm32f4_discovery_lcd.o(i.STM32f4_Discovery_LCD_Init) for STM32f4_Discovery_LCD_Init
    main.o(i.main) refers to stm32f4_discovery_lcd.o(i.LCD_SetBackColor) for LCD_SetBackColor
    main.o(i.main) refers to stm32f4_discovery_lcd.o(i.LCD_SetTextColor) for LCD_SetTextColor
    main.o(i.main) refers to stm32f4_discovery_lcd.o(i.LCD_SetFont) for LCD_SetFont
    main.o(i.main) refers to stm32f4_discovery_lcd.o(i.LCD_Clear) for LCD_Clear
    main.o(i.main) refers to stm32f4xx_hal_i2c.o(i.HAL_I2C_Slave_Receive_DMA) for HAL_I2C_Slave_Receive_DMA
    main.o(i.main) refers to stm32f4_discovery_lcd.o(i.LCD_SetCursor) for LCD_SetCursor
    main.o(i.main) refers to stm32f4_discovery_lcd.o(i.LCD_WriteRAM_Prepare) for LCD_WriteRAM_Prepare
    main.o(i.main) refers to stm32f4_discovery_lcd.o(i.LCD_WriteRAM) for LCD_WriteRAM
    main.o(i.main) refers to main.o(.bss) for .bss
    main.o(i.main) refers to stm32f4_discovery_lcd.o(.data) for Font8x12
    stm32f4xx_it.o(i.DMA1_Stream0_IRQHandler) refers to stm32f4xx_hal_dma.o(i.HAL_DMA_IRQHandler) for HAL_DMA_IRQHandler
    stm32f4xx_it.o(i.DMA1_Stream0_IRQHandler) refers to main.o(.bss) for hdma_i2c1_rx
    stm32f4xx_it.o(i.DMA1_Stream6_IRQHandler) refers to stm32f4xx_hal_dma.o(i.HAL_DMA_IRQHandler) for HAL_DMA_IRQHandler
    stm32f4xx_it.o(i.DMA1_Stream6_IRQHandler) refers to main.o(.bss) for hdma_i2c1_tx
    stm32f4xx_it.o(i.I2C1_ER_IRQHandler) refers to stm32f4xx_hal_i2c.o(i.HAL_I2C_ER_IRQHandler) for HAL_I2C_ER_IRQHandler
[...]
    Removing stm32f4xx_hal_i2c.o(i.I2C_RequestMemoryWrite), (168 bytes).
    Removing stm32f4xx_hal_i2c.o(i.I2C_WaitOnBTFFlagUntilTimeout), (76 bytes).
    Removing stm32f4xx_hal_i2c.o(i.I2C_WaitOnFlagUntilTimeout), (104 bytes).
    Removing stm32f4xx_hal_i2c.o(i.I2C_WaitOnMasterAddressFlagUntilTimeout), (150 bytes).
    Removing stm32f4xx_hal_i2c.o(i.I2C_WaitOnRXNEFlagUntilTimeout), (102 bytes).
    Removing stm32f4xx_hal_i2c.o(i.I2C_WaitOnTXEFlagUntilTimeout), (76 bytes).
    Removing stm32f4xx_hal_i2c_ex.o(.rev16_text), (4 bytes).
    Removing stm32f4xx_hal_i2c_ex.o(.revsh_text), (4 bytes).
    Removing stm32f4xx_hal_i2c_ex.o(.rrx_text), (6 bytes).
    Removing stm32f4xx_hal_rcc.o(.rev16_text), (4 bytes).
    Removing stm32f4xx_hal_rcc.o(.revsh_text), (4 bytes).
    Removing stm32f4xx_hal_rcc.o(.rrx_text), (6 bytes).
    Removing stm32f4xx_hal_rcc.o(i.HAL_RCC_CSSCallback), (2 bytes).
    Removing stm32f4xx_hal_rcc.o(i.HAL_RCC_DeInit), (4 bytes).
    Removing stm32f4xx_hal_rcc.o(i.HAL_RCC_DisableCSS), (12 bytes).
    Removing stm32f4xx_hal_rcc.o(i.HAL_RCC_EnableCSS), (12 bytes).
    Removing stm32f4xx_hal_rcc.o(i.HAL_RCC_GetClockConfig), (64 bytes).
    Removing stm32f4xx_hal_rcc.o(i.HAL_RCC_GetHCLKFreq), (12 bytes).
    Removing stm32f4xx_hal_rcc.o(i.HAL_RCC_GetOscConfig), (180 bytes).
    Removing stm32f4xx_hal_rcc.o(i.HAL_RCC_GetPCLK2Freq), (32 bytes).
    Removing stm32f4xx_hal_rcc.o(i.HAL_RCC_MCOConfig), (140 bytes).
    Removing stm32f4xx_hal_rcc.o(i.HAL_RCC_NMI_IRQHandler), (28 bytes).
    Removing stm32f4xx_hal_rcc_ex.o(.rev16_text), (4 bytes).
    Removing stm32f4xx_hal_rcc_ex.o(.revsh_text), (4 bytes).
    Removing stm32f4xx_hal_rcc_ex.o(.rrx_text), (6 bytes).
    Removing stm32f4xx_hal_rcc_ex.o(i.HAL_RCCEx_DisablePLLI2S), (52 bytes).
    Removing stm32f4xx_hal_rcc_ex.o(i.HAL_RCCEx_EnablePLLI2S), (104 bytes).
    Removing stm32f4xx_hal_rcc_ex.o(i.HAL_RCCEx_GetPeriphCLKConfig), (52 bytes).
    Removing stm32f4xx_hal_rcc_ex.o(i.HAL_RCCEx_GetPeriphCLKFreq), (92 bytes).
    Removing stm32f4xx_hal_rcc_ex.o(i.HAL_RCCEx_PeriphCLKConfig), (316 bytes).
    Removing stm32f4xx_hal_rcc_ex.o(i.HAL_RCC_DeInit), (308 bytes).
    Removing stm32f4xx_hal_flash.o(.rev16_text), (4 bytes).
    Removing stm32f4xx_hal_flash.o(.revsh_text), (4 bytes).
    Removing stm32f4xx_hal_flash.o(.rrx_text), (6 bytes).
    Removing stm32f4xx_hal_flash.o(i.FLASH_Program_Byte), (32 bytes).
    Removing stm32f4xx_hal_flash.o(i.FLASH_Program_DoubleWord), (44 bytes).
    Removing stm32f4xx_hal_flash.o(i.FLASH_Program_HalfWord), (36 bytes).
    Removing stm32f4xx_hal_flash.o(i.FLASH_Program_Word), (36 bytes).
    Removing stm32f4xx_hal_flash.o(i.FLASH_SetErrorCode), (104 bytes).
    Removing stm32f4xx_hal_flash.o(i.FLASH_WaitForLastOperation), (80 bytes).
    Removing stm32f4xx_hal_flash.o(i.HAL_FLASH_EndOfOperationCallback), (2 bytes).
    Removing stm32f4xx_hal_flash.o(i.HAL_FLASH_GetError), (12 bytes).
    Removing stm32f4xx_hal_flash.o(i.HAL_FLASH_IRQHandler), (204 bytes).
    Removing stm32f4xx_hal_flash.o(i.HAL_FLASH_Lock), (20 bytes).
    Removing stm32f4xx_hal_flash.o(i.HAL_FLASH_OB_Launch), (24 bytes).
    Removing stm32f4xx_hal_flash.o(i.HAL_FLASH_OB_Lock), (20 bytes).
    Removing stm32f4xx_hal_flash.o(i.HAL_FLASH_OB_Unlock), (40 bytes).
    Removing stm32f4xx_hal_flash.o(i.HAL_FLASH_OperationErrorCallback), (2 bytes).
    Removing stm32f4xx_hal_flash.o(i.HAL_FLASH_Program), (124 bytes).
    Removing stm32f4xx_hal_flash.o(i.HAL_FLASH_Program_IT), (108 bytes).
    Removing stm32f4xx_hal_flash.o(i.HAL_FLASH_Unlock), (44 bytes).
    Removing stm32f4xx_hal_flash.o(.bss), (32 bytes).
    Removing stm32f4xx_hal_flash_ex.o(.rev16_text), (4 bytes).
    Removing stm32f4xx_hal_flash_ex.o(.revsh_text), (4 bytes).
    Removing stm32f4xx_hal_flash_ex.o(.rrx_text), (6 bytes).
    Removing stm32f4xx_hal_flash_ex.o(i.FLASH_Erase_Sector), (80 bytes).
    Removing stm32f4xx_hal_flash_ex.o(i.FLASH_FlushCaches), (84 bytes).
    Removing stm32f4xx_hal_flash_ex.o(i.FLASH_MassErase), (40 bytes).
    Removing stm32f4xx_hal_flash_ex.o(i.HAL_FLASHEx_Erase), (152 bytes).
    Removing stm32f4xx_hal_flash_ex.o(i.HAL_FLASHEx_Erase_IT), (104 bytes).
    Removing stm32f4xx_hal_flash_ex.o(i.HAL_FLASHEx_OBGetConfig), (64 bytes).
    Removing stm32f4xx_hal_flash_ex.o(i.HAL_FLASHEx_OBProgram), (204 bytes).
    Removing stm32f4xx_hal_flash_ramfunc.o(.rev16_text), (4 bytes).
    Removing stm32f4xx_hal_flash_ramfunc.o(.revsh_text), (4 bytes).
    Removing stm32f4xx_hal_flash_ramfunc.o(.rrx_text), (6 bytes).
    Removing stm32f4xx_hal_gpio.o(.rev16_text), (4 bytes).
    Removing stm32f4xx_hal_gpio.o(.revsh_text), (4 bytes).
    Removing stm32f4xx_hal_gpio.o(.rrx_text), (6 bytes).
    Removing stm32f4xx_hal_gpio.o(i.HAL_GPIO_DeInit), (360 bytes).
    Removing stm32f4xx_hal_gpio.o(i.HAL_GPIO_EXTI_Callback), (2 bytes).
    Removing stm32f4xx_hal_gpio.o(i.HAL_GPIO_EXTI_IRQHandler), (24 bytes).
    Removing stm32f4xx_hal_gpio.o(i.HAL_GPIO_LockPin), (34 bytes).
    Removing stm32f4xx_hal_gpio.o(i.HAL_GPIO_ReadPin), (10 bytes).
    Removing stm32f4xx_hal_gpio.o(i.HAL_GPIO_TogglePin), (14 bytes).
    Removing stm32f4xx_hal_dma_ex.o(.rev16_text), (4 bytes).
    Removing stm32f4xx_hal_dma_ex.o(.revsh_text), (4 bytes).
    Removing stm32f4xx_hal_dma_ex.o(.rrx_text), (6 bytes).
    Removing stm32f4xx_hal_dma_ex.o(i.DMA_MultiBufferSetConfig), (30 bytes).
    Removing stm32f4xx_hal_dma_ex.o(i.HAL_DMAEx_ChangeMemory), (14 bytes).
    Removing stm32f4xx_hal_dma_ex.o(i.HAL_DMAEx_MultiBufferStart), (100 bytes).
    Removing stm32f4xx_hal_dma_ex.o(i.HAL_DMAEx_MultiBufferStart_IT), (2432 bytes).
    Removing stm32f4xx_hal_dma.o(.rev16_text), (4 bytes).
    Removing stm32f4xx_hal_dma.o(.revsh_text), (4 bytes).
    Removing stm32f4xx_hal_dma.o(.rrx_text), (6 bytes).
    Removing stm32f4xx_hal_dma.o(i.HAL_DMA_Abort), (142 bytes).
    Removing stm32f4xx_hal_dma.o(i.HAL_DMA_DeInit), (98 bytes).
    Removing stm32f4xx_hal_dma.o(i.HAL_DMA_PollForTransfer), (292 bytes).
    Removing stm32f4xx_hal_dma.o(i.HAL_DMA_RegisterCallback), (80 bytes).
    Removing stm32f4xx_hal_dma.o(i.HAL_DMA_Start), (70 bytes).
    Removing stm32f4xx_hal_dma.o(i.HAL_DMA_UnRegisterCallback), (96 bytes).
    Removing stm32f4xx_hal_pwr.o(.rev16_text), (4 bytes).
    Removing stm32f4xx_hal_pwr.o(.revsh_text), (4 bytes).
    Removing stm32f4xx_hal_pwr.o(.rrx_text), (6 bytes).
    Removing stm32f4xx_hal_pwr.o(i.HAL_PWR_ConfigPVD), (124 bytes).
    Removing stm32f4xx_hal_pwr.o(i.HAL_PWR_DeInit), (24 bytes).
    Removing stm32f4xx_hal_pwr.o(i.HAL_PWR_DisableBkUpAccess), (12 bytes).
    Removing stm32f4xx_hal_pwr.o(i.HAL_PWR_DisablePVD), (12 bytes).
    Removing stm32f4xx_hal_pwr.o(i.HAL_PWR_DisableSEVOnPend), (16 bytes).
    Removing stm32f4xx_hal_pwr.o(i.HAL_PWR_DisableSleepOnExit), (16 bytes).
    Removing stm32f4xx_hal_pwr.o(i.HAL_PWR_DisableWakeUpPin), (16 bytes).
    Removing stm32f4xx_hal_pwr.o(i.HAL_PWR_EnableBkUpAccess), (12 bytes).
    Removing stm32f4xx_hal_pwr.o(i.HAL_PWR_EnablePVD), (12 bytes).
    Removing stm32f4xx_hal_pwr.o(i.HAL_PWR_EnableSEVOnPend), (16 bytes).
    Removing stm32f4xx_hal_pwr.o(i.HAL_PWR_EnableSleepOnExit), (16 bytes).
    Removing stm32f4xx_hal_pwr.o(i.HAL_PWR_EnableWakeUpPin), (16 bytes).
    Removing stm32f4xx_hal_pwr.o(i.HAL_PWR_EnterSLEEPMode), (32 bytes).
    Removing stm32f4xx_hal_pwr.o(i.HAL_PWR_EnterSTANDBYMode), (32 bytes).
    Removing stm32f4xx_hal_pwr.o(i.HAL_PWR_EnterSTOPMode), (56 bytes).
    Removing stm32f4xx_hal_pwr.o(i.HAL_PWR_PVDCallback), (2 bytes).
    Removing stm32f4xx_hal_pwr.o(i.HAL_PWR_PVD_IRQHandler), (28 bytes).
    Removing stm32f4xx_hal_pwr_ex.o(.rev16_text), (4 bytes).
    Removing stm32f4xx_hal_pwr_ex.o(.revsh_text), (4 bytes).
    Removing stm32f4xx_hal_pwr_ex.o(.rrx_text), (6 bytes).
    Removing stm32f4xx_hal_pwr_ex.o(i.HAL_PWREx_ControlVoltageScaling), (88 bytes).
    Removing stm32f4xx_hal_pwr_ex.o(i.HAL_PWREx_DisableBkUpReg), (60 bytes).
    Removing stm32f4xx_hal_pwr_ex.o(i.HAL_PWREx_DisableFlashPowerDown), (12 bytes).
    Removing stm32f4xx_hal_pwr_ex.o(i.HAL_PWREx_EnableBkUpReg), (60 bytes).
    Removing stm32f4xx_hal_pwr_ex.o(i.HAL_PWREx_EnableFlashPowerDown), (12 bytes).
    Removing stm32f4xx_hal_pwr_ex.o(i.HAL_PWREx_GetVoltageRange), (16 bytes).
    Removing stm32f4xx_hal_cortex.o(.rev16_text), (4 bytes).
    Removing stm32f4xx_hal_cortex.o(.revsh_text), (4 bytes).
    Removing stm32f4xx_hal_cortex.o(.rrx_text), (6 bytes).
    Removing stm32f4xx_hal_cortex.o(i.HAL_MPU_ConfigRegion), (84 bytes).
    Removing stm32f4xx_hal_cortex.o(i.HAL_MPU_Disable), (28 bytes).
    Removing stm32f4xx_hal_cortex.o(i.HAL_MPU_Enable), (36 bytes).
    Removing stm32f4xx_hal_cortex.o(i.HAL_NVIC_ClearPendingIRQ), (26 bytes).
    Removing stm32f4xx_hal_cortex.o(i.HAL_NVIC_DisableIRQ), (34 bytes).
    Removing stm32f4xx_hal_cortex.o(i.HAL_NVIC_GetActive), (36 bytes).
    Removing stm32f4xx_hal_cortex.o(i.HAL_NVIC_GetPendingIRQ), (36 bytes).
    Removing stm32f4xx_hal_cortex.o(i.HAL_NVIC_GetPriority), (82 bytes).
    Removing stm32f4xx_hal_cortex.o(i.HAL_NVIC_GetPriorityGrouping), (16 bytes).
    Removing stm32f4xx_hal_cortex.o(i.HAL_NVIC_SetPendingIRQ), (26 bytes).
    Removing stm32f4xx_hal_cortex.o(i.HAL_NVIC_SystemReset), (36 bytes).
    Removing stm32f4xx_hal_cortex.o(i.HAL_SYSTICK_CLKSourceConfig), (24 bytes).
    Removing stm32f4xx_hal_cortex.o(i.HAL_SYSTICK_Callback), (2 bytes).
    Removing stm32f4xx_hal_cortex.o(i.HAL_SYSTICK_IRQHandler), (8 bytes).
    Removing stm32f4xx_hal.o(.rev16_text), (4 bytes).
    Removing stm32f4xx_hal.o(.revsh_text), (4 bytes).
    Removing stm32f4xx_hal.o(.rrx_text), (6 bytes).
    Removing stm32f4xx_hal.o(i.HAL_DBGMCU_DisableDBGSleepMode), (16 bytes).
    Removing stm32f4xx_hal.o(i.HAL_DBGMCU_DisableDBGStandbyMode), (16 bytes).
    Removing stm32f4xx_hal.o(i.HAL_DBGMCU_DisableDBGStopMode), (16 bytes).
    Removing stm32f4xx_hal.o(i.HAL_DBGMCU_EnableDBGSleepMode), (16 bytes).
    Removing stm32f4xx_hal.o(i.HAL_DBGMCU_EnableDBGStandbyMode), (16 bytes).
    Removing stm32f4xx_hal.o(i.HAL_DBGMCU_EnableDBGStopMode), (16 bytes).
    Removing stm32f4xx_hal.o(i.HAL_DeInit), (52 bytes).
    Removing stm32f4xx_hal.o(i.HAL_Delay), (36 bytes).
    Removing stm32f4xx_hal.o(i.HAL_DisableCompensationCell), (12 bytes).
    Removing stm32f4xx_hal.o(i.HAL_EnableCompensationCell), (12 bytes).
    Removing stm32f4xx_hal.o(i.HAL_GetDEVID), (16 bytes).
    Removing stm32f4xx_hal.o(i.HAL_GetHalVersion), (8 bytes).
    Removing stm32f4xx_hal.o(i.HAL_GetREVID), (12 bytes).
    Removing stm32f4xx_hal.o(i.HAL_GetTickFreq), (12 bytes).
    Removing stm32f4xx_hal.o(i.HAL_GetTickPrio), (12 bytes).
    Removing stm32f4xx_hal.o(i.HAL_GetUIDw0), (12 bytes).
    Removing stm32f4xx_hal.o(i.HAL_GetUIDw1), (12 bytes).
    Removing stm32f4xx_hal.o(i.HAL_GetUIDw2), (12 bytes).
    Removing stm32f4xx_hal.o(i.HAL_MspDeInit), (2 bytes).
    Removing stm32f4xx_hal.o(i.HAL_MspInit), (2 bytes).
    Removing stm32f4xx_hal.o(i.HAL_ResumeTick), (14 bytes).
    Removing stm32f4xx_hal.o(i.HAL_SetTickFreq), (36 bytes).
    Removing stm32f4xx_hal.o(i.HAL_SuspendTick), (14 bytes).
    Removing stm32f4xx_hal_exti.o(.rev16_text), (4 bytes).
    Removing stm32f4xx_hal_exti.o(.revsh_text), (4 bytes).
    Removing stm32f4xx_hal_exti.o(.rrx_text), (6 bytes).
    Removing stm32f4xx_hal_exti.o(i.HAL_EXTI_ClearConfigLine), (108 bytes).
    Removing stm32f4xx_hal_exti.o(i.HAL_EXTI_ClearPending), (20 bytes).
    Removing stm32f4xx_hal_exti.o(i.HAL_EXTI_GenerateSWI), (20 bytes).
    Removing stm32f4xx_hal_exti.o(i.HAL_EXTI_GetConfigLine), (156 bytes).
    Removing stm32f4xx_hal_exti.o(i.HAL_EXTI_GetHandle), (12 bytes).
    Removing stm32f4xx_hal_exti.o(i.HAL_EXTI_GetPending), (24 bytes).
    Removing stm32f4xx_hal_exti.o(i.HAL_EXTI_IRQHandler), (36 bytes).
    Removing stm32f4xx_hal_exti.o(i.HAL_EXTI_RegisterCallback), (14 bytes).
    Removing stm32f4xx_hal_exti.o(i.HAL_EXTI_SetConfigLine), (168 bytes).
    Removing stm32f4xx_hal_tim.o(.rev16_text), (4 bytes).
    Removing stm32f4xx_hal_tim.o(.revsh_text), (4 bytes).
    Removing stm32f4xx_hal_tim.o(.rrx_text), (6 bytes).
    Removing stm32f4xx_hal_tim_ex.o(.rev16_text), (4 bytes).
    Removing stm32f4xx_hal_tim_ex.o(.revsh_text), (4 bytes).
    Removing stm32f4xx_hal_tim_ex.o(.rrx_text), (6 bytes).
    Removing system_stm32f4xx.o(.rev16_text), (4 bytes).
    Removing system_stm32f4xx.o(.revsh_text), (4 bytes).
    Removing system_stm32f4xx.o(.rrx_text), (6 bytes).
    Removing system_stm32f4xx.o(i.SystemCoreClockUpdate), (120 bytes).
    Removing stm32f4_discovery_lcd.o(.emb_text), (8 bytes).
    Removing stm32f4_discovery_lcd.o(i.LCD_ClearLine), (40 bytes).
    Removing stm32f4_discovery_lcd.o(i.LCD_ClosedPolyLine), (48 bytes).
    Removing stm32f4_discovery_lcd.o(i.LCD_ClosedPolyLineRelative), (18 bytes).
    Removing stm32f4_discovery_lcd.o(i.LCD_DeInit), (556 bytes).
    Removing stm32f4_discovery_lcd.o(i.LCD_DisplayChar), (48 bytes).
    Removing stm32f4_discovery_lcd.o(i.LCD_DisplayOff), (2 bytes).
    Removing stm32f4_discovery_lcd.o(i.LCD_DisplayOn), (2 bytes).
    Removing stm32f4_discovery_lcd.o(i.LCD_DisplayStringLine), (56 bytes).
    Removing stm32f4_discovery_lcd.o(i.LCD_DrawChar), (172 bytes).
    Removing stm32f4_discovery_lcd.o(i.LCD_DrawCircle), (256 bytes).
    Removing stm32f4_discovery_lcd.o(i.LCD_DrawFullCircle), (172 bytes).
    Removing stm32f4_discovery_lcd.o(i.LCD_DrawFullRect), (136 bytes).
    Removing stm32f4_discovery_lcd.o(i.LCD_DrawLine), (92 bytes).
    Removing stm32f4_discovery_lcd.o(i.LCD_DrawMonoPict), (84 bytes).
    Removing stm32f4_discovery_lcd.o(i.LCD_DrawRect), (66 bytes).
    Removing stm32f4_discovery_lcd.o(i.LCD_DrawUniLine), (286 bytes).
    Removing stm32f4_discovery_lcd.o(i.LCD_FillPolyLine), (588 bytes).
    Removing stm32f4_discovery_lcd.o(i.LCD_GetColors), (24 bytes).
    Removing stm32f4_discovery_lcd.o(i.LCD_GetFont), (12 bytes).
    Removing stm32f4_discovery_lcd.o(i.LCD_PolyLine), (68 bytes).
    Removing stm32f4_discovery_lcd.o(i.LCD_PolyLineRelative), (18 bytes).
    Removing stm32f4_discovery_lcd.o(i.LCD_RGB_Test), (80 bytes).
    Removing stm32f4_discovery_lcd.o(i.LCD_ReadRAM), (12 bytes).
    Removing stm32f4_discovery_lcd.o(i.LCD_ReadReg), (20 bytes).
    Removing stm32f4_discovery_lcd.o(i.LCD_SetColors), (28 bytes).
    Removing stm32f4_discovery_lcd.o(i.LCD_SetDisplayWindow), (98 bytes).
    Removing stm32f4_discovery_lcd.o(i.LCD_WindowModeDisable), (2 bytes).
    Removing stm32f4_discovery_lcd.o(i.LCD_WriteBMP), (2 bytes).
    Removing stm32f4_discovery_lcd.o(i._Z26LCD_PolyLineRelativeClosedP5Pointtt), (118 bytes).
    Removing stm32f4_discovery_lcd.o(i._Z8PutPixelss), (42 bytes).
    Removing stm32f4_discovery_lcd.o(.ARM.exidx), (8 bytes).
    Removing stm32f4_discovery_lcd.o(.ARM.exidx), (8 bytes).
    Removing stm32f4_discovery_lcd.o(.ARM.exidx), (8 bytes).
    Removing stm32f4_discovery_lcd.o(.ARM.exidx), (8 bytes).
    Removing stm32f4_discovery_lcd.o(.ARM.exidx), (8 bytes).
    Removing stm32f4_discovery_lcd.o(.ARM.exidx), (8 bytes).
    Removing stm32f4_discovery_lcd.o(.ARM.exidx), (8 bytes).
    Removing stm32f4_discovery_lcd.o(.ARM.exidx), (8 bytes).
    Removing stm32f4_discovery_lcd.o(.ARM.exidx), (8 bytes).
    Removing stm32f4_discovery_lcd.o(.ARM.exidx), (8 bytes).
    Removing stm32f4_discovery_lcd.o(.ARM.exidx), (8 bytes).
    Removing stm32f4_discovery_lcd.o(.ARM.exidx), (8 bytes).
    Removing stm32f4_discovery_lcd.o(.ARM.exidx), (8 bytes).
    Removing stm32f4_discovery_lcd.o(.ARM.exidx), (8 bytes).
    Removing stm32f4_discovery_lcd.o(.ARM.exidx), (8 bytes).
    Removing stm32f4_discovery_lcd.o(.ARM.exidx), (8 bytes).
    Removing stm32f4_discovery_lcd.o(.ARM.exidx), (8 bytes).
    Removing stm32f4_discovery_lcd.o(.ARM.exidx), (8 bytes).
    Removing stm32f4_discovery_lcd.o(.ARM.exidx), (8 bytes).
    Removing stm32f4_discovery_lcd.o(.ARM.exidx), (8 bytes).
    Removing stm32f4_discovery_lcd.o(.ARM.exidx), (8 bytes).
    Removing stm32f4_discovery_lcd.o(.ARM.exidx), (8 bytes).
    Removing stm32f4_discovery_lcd.o(.ARM.exidx), (8 bytes).
    Removing stm32f4_discovery_lcd.o(.ARM.exidx), (8 bytes).
    Removing stm32f4_discovery_lcd.o(.ARM.exidx), (8 bytes).
    Removing stm32f4_discovery_lcd.o(.ARM.exidx), (8 bytes).
    Removing stm32f4_discovery_lcd.o(.ARM.exidx), (8 bytes).
    Removing stm32f4_discovery_lcd.o(.ARM.exidx), (8 bytes).
    Removing stm32f4_discovery_lcd.o(.ARM.exidx), (8 bytes).
    Removing stm32f4_discovery_lcd.o(.ARM.exidx), (8 bytes).
    Removing stm32f4_discovery_lcd.o(.ARM.exidx), (8 bytes).
    Removing stm32f4_discovery_lcd.o(.ARM.exidx), (8 bytes).
    Removing stm32f4_discovery_lcd.o(.ARM.exidx), (8 bytes).
    Removing stm32f4_discovery_lcd.o(.ARM.exidx), (8 bytes).
    Removing stm32f4_discovery_lcd.o(.ARM.exidx), (8 bytes).
    Removing stm32f4_discovery_lcd.o(.ARM.exidx), (8 bytes).
    Removing stm32f4_discovery_lcd.o(.ARM.exidx), (8 bytes).
    Removing stm32f4_discovery_lcd.o(.ARM.exidx), (8 bytes).
    Removing stm32f4_discovery_lcd.o(.ARM.exidx), (8 bytes).
    Removing stm32f4_discovery_lcd.o(.ARM.exidx), (8 bytes).
    Removing stm32f4_discovery_lcd.o(.ARM.exidx), (8 bytes).
    Removing stm32f4_discovery_lcd.o(.ARM.exidx), (8 bytes).
    Removing stm32f4xx_fsmc.o(.emb_text), (8 bytes).
    Removing stm32f4xx_fsmc.o(i.FSMC_ClearFlag), (64 bytes).
    Removing stm32f4xx_fsmc.o(i.FSMC_ClearITPendingBit), (72 bytes).
    Removing stm32f4xx_fsmc.o(i.FSMC_GetECC), (28 bytes).
    Removing stm32f4xx_fsmc.o(i.FSMC_GetFlagStatus), (56 bytes).
    Removing stm32f4xx_fsmc.o(i.FSMC_GetITStatus), (68 bytes).
    Removing stm32f4xx_fsmc.o(i.FSMC_ITConfig), (128 bytes).
    Removing stm32f4xx_fsmc.o(i.FSMC_NANDCmd), (92 bytes).
    Removing stm32f4xx_fsmc.o(i.FSMC_NANDDeInit), (68 bytes).
    Removing stm32f4xx_fsmc.o(i.FSMC_NANDECCCmd), (92 bytes).
    Removing stm32f4xx_fsmc.o(i.FSMC_NANDInit), (136 bytes).
    Removing stm32f4xx_fsmc.o(i.FSMC_NANDStructInit), (54 bytes).
    Removing stm32f4xx_fsmc.o(i.FSMC_NORSRAMDeInit), (54 bytes).
    Removing stm32f4xx_fsmc.o(i.FSMC_NORSRAMStructInit), (114 bytes).
    Removing stm32f4xx_fsmc.o(i.FSMC_PCCARDCmd), (48 bytes).
    Removing stm32f4xx_fsmc.o(i.FSMC_PCCARDDeInit), (40 bytes).
    Removing stm32f4xx_fsmc.o(i.FSMC_PCCARDInit), (132 bytes).
    Removing stm32f4xx_fsmc.o(i.FSMC_PCCARDStructInit), (60 bytes).
    Removing stm32f4xx_fsmc.o(.ARM.exidx), (8 bytes).
    Removing stm32f4xx_fsmc.o(.ARM.exidx), (8 bytes).
    Removing stm32f4xx_fsmc.o(.ARM.exidx), (8 bytes).
    Removing stm32f4xx_fsmc.o(.ARM.exidx), (8 bytes).
    Removing stm32f4xx_fsmc.o(.ARM.exidx), (8 bytes).
    Removing stm32f4xx_fsmc.o(.ARM.exidx), (8 bytes).
    Removing stm32f4xx_fsmc.o(.ARM.exidx), (8 bytes).
    Removing stm32f4xx_fsmc.o(.ARM.exidx), (8 bytes).
    Removing stm32f4xx_fsmc.o(.ARM.exidx), (8 bytes).
    Removing stm32f4xx_fsmc.o(.ARM.exidx), (8 bytes).
    Removing stm32f4xx_fsmc.o(.ARM.exidx), (8 bytes).
    Removing stm32f4xx_fsmc.o(.ARM.exidx), (8 bytes).
    Removing stm32f4xx_fsmc.o(.ARM.exidx), (8 bytes).
    Removing stm32f4xx_fsmc.o(.ARM.exidx), (8 bytes).
    Removing stm32f4xx_fsmc.o(.ARM.exidx), (8 bytes).
    Removing stm32f4xx_fsmc.o(.ARM.exidx), (8 bytes).
    Removing stm32f4xx_fsmc.o(.ARM.exidx), (8 bytes).
    Removing stm32f4xx_fsmc.o(.ARM.exidx), (8 bytes).
    Removing stm32f4xx_fsmc.o(.ARM.exidx), (8 bytes).
    Removing stm32f4xx_gpio.o(.emb_text), (8 bytes).
    Removing stm32f4xx_gpio.o(i.GPIO_DeInit), (256 bytes).
    Removing stm32f4xx_gpio.o(i.GPIO_PinLockConfig), (34 bytes).
    Removing stm32f4xx_gpio.o(i.GPIO_ReadInputData), (8 bytes).
    Removing stm32f4xx_gpio.o(i.GPIO_ReadInputDataBit), (18 bytes).
    Removing stm32f4xx_gpio.o(i.GPIO_ReadOutputData), (8 bytes).
    Removing stm32f4xx_gpio.o(i.GPIO_ReadOutputDataBit), (18 bytes).
    Removing stm32f4xx_gpio.o(i.GPIO_StructInit), (18 bytes).
    Removing stm32f4xx_gpio.o(i.GPIO_ToggleBits), (8 bytes).
    Removing stm32f4xx_gpio.o(i.GPIO_Write), (4 bytes).
    Removing stm32f4xx_gpio.o(i.GPIO_WriteBit), (10 bytes).
    Removing stm32f4xx_gpio.o(.ARM.exidx), (8 bytes).
    Removing stm32f4xx_gpio.o(.ARM.exidx), (8 bytes).
    Removing stm32f4xx_gpio.o(.ARM.exidx), (8 bytes).
    Removing stm32f4xx_gpio.o(.ARM.exidx), (8 bytes).
    Removing stm32f4xx_gpio.o(.ARM.exidx), (8 bytes).
    Removing stm32f4xx_gpio.o(.ARM.exidx), (8 bytes).
    Removing stm32f4xx_gpio.o(.ARM.exidx), (8 bytes).
    Removing stm32f4xx_gpio.o(.ARM.exidx), (8 bytes).
    Removing stm32f4xx_gpio.o(.ARM.exidx), (8 bytes).
    Removing stm32f4xx_gpio.o(.ARM.exidx), (8 bytes).
    Removing stm32f4xx_gpio.o(.ARM.exidx), (8 bytes).
    Removing stm32f4xx_gpio.o(.ARM.exidx), (8 bytes).
    Removing stm32f4xx_gpio.o(.ARM.exidx), (8 bytes).
    Removing stm32f4xx_gpio.o(.ARM.exidx), (8 bytes).
    Removing stm32f4xx_rcc.o(.emb_text), (8 bytes).
    Removing stm32f4xx_rcc.o(i.RCC_AHB1PeriphClockLPModeCmd), (32 bytes).
    Removing stm32f4xx_rcc.o(i.RCC_AHB1PeriphResetCmd), (32 bytes).
    Removing stm32f4xx_rcc.o(i.RCC_AHB2PeriphClockCmd), (32 bytes).
    Removing stm32f4xx_rcc.o(i.RCC_AHB2PeriphClockLPModeCmd), (32 bytes).
    Removing stm32f4xx_rcc.o(i.RCC_AHB2PeriphResetCmd), (32 bytes).
    Removing stm32f4xx_rcc.o(i.RCC_AHB3PeriphClockLPModeCmd), (32 bytes).
    Removing stm32f4xx_rcc.o(i.RCC_AHB3PeriphResetCmd), (32 bytes).
    Removing stm32f4xx_rcc.o(i.RCC_APB1PeriphClockCmd), (32 bytes).
    Removing stm32f4xx_rcc.o(i.RCC_APB1PeriphClockLPModeCmd), (32 bytes).
    Removing stm32f4xx_rcc.o(i.RCC_APB1PeriphResetCmd), (32 bytes).
    Removing stm32f4xx_rcc.o(i.RCC_APB2PeriphClockCmd), (32 bytes).
    Removing stm32f4xx_rcc.o(i.RCC_APB2PeriphClockLPModeCmd), (32 bytes).
    Removing stm32f4xx_rcc.o(i.RCC_APB2PeriphResetCmd), (32 bytes).
    Removing stm32f4xx_rcc.o(i.RCC_AdjustHSICalibrationValue), (24 bytes).
    Removing stm32f4xx_rcc.o(i.RCC_BackupResetCmd), (12 bytes).
    Removing stm32f4xx_rcc.o(i.RCC_ClearFlag), (20 bytes).
    Removing stm32f4xx_rcc.o(i.RCC_ClearITPendingBit), (12 bytes).
    Removing stm32f4xx_rcc.o(i.RCC_ClockSecuritySystemCmd), (12 bytes).
    Removing stm32f4xx_rcc.o(i.RCC_DeInit), (72 bytes).
    Removing stm32f4xx_rcc.o(i.RCC_GetClocksFreq), (232 bytes).
    Removing stm32f4xx_rcc.o(i.RCC_GetFlagStatus), (64 bytes).
    Removing stm32f4xx_rcc.o(i.RCC_GetITStatus), (24 bytes).
    Removing stm32f4xx_rcc.o(i.RCC_GetSYSCLKSource), (16 bytes).
    Removing stm32f4xx_rcc.o(i.RCC_HCLKConfig), (24 bytes).
    Removing stm32f4xx_rcc.o(i.RCC_HSEConfig), (16 bytes).
    Removing stm32f4xx_rcc.o(i.RCC_HSICmd), (12 bytes).
    Removing stm32f4xx_rcc.o(i.RCC_I2SCLKConfig), (12 bytes).
    Removing stm32f4xx_rcc.o(i.RCC_ITConfig), (32 bytes).
    Removing stm32f4xx_rcc.o(i.RCC_LSEConfig), (44 bytes).
    Removing stm32f4xx_rcc.o(i.RCC_LSICmd), (12 bytes).
    Removing stm32f4xx_rcc.o(i.RCC_MCO1Config), (28 bytes).
    Removing stm32f4xx_rcc.o(i.RCC_MCO2Config), (28 bytes).
    Removing stm32f4xx_rcc.o(i.RCC_PCLK1Config), (24 bytes).
    Removing stm32f4xx_rcc.o(i.RCC_PCLK2Config), (24 bytes).
    Removing stm32f4xx_rcc.o(i.RCC_PLLCmd), (12 bytes).
    Removing stm32f4xx_rcc.o(i.RCC_PLLConfig), (36 bytes).
    Removing stm32f4xx_rcc.o(i.RCC_PLLI2SCmd), (12 bytes).
    Removing stm32f4xx_rcc.o(i.RCC_PLLI2SConfig), (16 bytes).
    Removing stm32f4xx_rcc.o(i.RCC_RTCCLKCmd), (12 bytes).
    Removing stm32f4xx_rcc.o(i.RCC_RTCCLKConfig), (60 bytes).
    Removing stm32f4xx_rcc.o(i.RCC_SYSCLKConfig), (24 bytes).
    Removing stm32f4xx_rcc.o(i.RCC_WaitForHSEStartUp), (56 bytes).
    Removing stm32f4xx_rcc.o(.ARM.exidx), (8 bytes).
    Removing stm32f4xx_rcc.o(.ARM.exidx), (8 bytes).
    Removing stm32f4xx_rcc.o(.ARM.exidx), (8 bytes).
    Removing stm32f4xx_rcc.o(.ARM.exidx), (8 bytes).
    Removing stm32f4xx_rcc.o(.ARM.exidx), (8 bytes).
    Removing stm32f4xx_rcc.o(.ARM.exidx), (8 bytes).
    Removing stm32f4xx_rcc.o(.ARM.exidx), (8 bytes).
    Removing stm32f4xx_rcc.o(.ARM.exidx), (8 bytes).
    Removing stm32f4xx_rcc.o(.ARM.exidx), (8 bytes).
    Removing stm32f4xx_rcc.o(.ARM.exidx), (8 bytes).
    Removing stm32f4xx_rcc.o(.ARM.exidx), (8 bytes).
    Removing stm32f4xx_rcc.o(.ARM.exidx), (8 bytes).
    Removing stm32f4xx_rcc.o(.ARM.exidx), (8 bytes).
    Removing stm32f4xx_rcc.o(.ARM.exidx), (8 bytes).
    Removing stm32f4xx_rcc.o(.ARM.exidx), (8 bytes).
    Removing stm32f4xx_rcc.o(.ARM.exidx), (8 bytes).
    Removing stm32f4xx_rcc.o(.ARM.exidx), (8 bytes).
    Removing stm32f4xx_rcc.o(.ARM.exidx), (8 bytes).
    Removing stm32f4xx_rcc.o(.ARM.exidx), (8 bytes).
    Removing stm32f4xx_rcc.o(.ARM.exidx), (8 bytes).
    Removing stm32f4xx_rcc.o(.ARM.exidx), (8 bytes).
    Removing stm32f4xx_rcc.o(.ARM.exidx), (8 bytes).
    Removing stm32f4xx_rcc.o(.ARM.exidx), (8 bytes).
    Removing stm32f4xx_rcc.o(.ARM.exidx), (8 bytes).
    Removing stm32f4xx_rcc.o(.ARM.exidx), (8 bytes).
    Removing stm32f4xx_rcc.o(.ARM.exidx), (8 bytes).
    Removing stm32f4xx_rcc.o(.ARM.exidx), (8 bytes).
    Removing stm32f4xx_rcc.o(.ARM.exidx), (8 bytes).
    Removing stm32f4xx_rcc.o(.ARM.exidx), (8 bytes).
    Removing stm32f4xx_rcc.o(.ARM.exidx), (8 bytes).
    Removing stm32f4xx_rcc.o(.ARM.exidx), (8 bytes).
    Removing stm32f4xx_rcc.o(.ARM.exidx), (8 bytes).
    Removing stm32f4xx_rcc.o(.ARM.exidx), (8 bytes).
    Removing stm32f4xx_rcc.o(.ARM.exidx), (8 bytes).
    Removing stm32f4xx_rcc.o(.ARM.exidx), (8 bytes).
    Removing stm32f4xx_rcc.o(.ARM.exidx), (8 bytes).
    Removing stm32f4xx_rcc.o(.ARM.exidx), (8 bytes).
    Removing stm32f4xx_rcc.o(.ARM.exidx), (8 bytes).
    Removing stm32f4xx_rcc.o(.ARM.exidx), (8 bytes).
    Removing stm32f4xx_rcc.o(.ARM.exidx), (8 bytes).
    Removing stm32f4xx_rcc.o(.ARM.exidx), (8 bytes).
    Removing stm32f4xx_rcc.o(.ARM.exidx), (8 bytes).
    Removing stm32f4xx_rcc.o(.ARM.exidx), (8 bytes).
    Removing stm32f4xx_rcc.o(.ARM.exidx), (8 bytes).
    Removing stm32f4xx_rcc.o(.data), (16 bytes).
    Removing dflti.o(.text), (34 bytes).
    Removing dfltui.o(.text), (26 bytes).
    Removing cdcmple.o(.text), (48 bytes).
    Removing cdrcmple.o(.text), (48 bytes).
    Removing depilogue.o(.text), (186 bytes).

467 unused section(s) (total 34696 bytes) removed from the image.

==============================================================================

Image Symbol Table

    Local Symbols

    Symbol Name                              Value     Ov Type        Size  Object(Section)

    ../Core/Src/main.c                       0x00000000   Number         0  main.o ABSOLUTE
    ../Core/Src/stm32f4xx_hal_msp.c          0x00000000   Number         0  stm32f4xx_hal_msp.o ABSOLUTE
    ../Core/Src/stm32f4xx_it.c               0x00000000   Number         0  stm32f4xx_it.o ABSOLUTE
    ../Core/Src/system_stm32f4xx.c           0x00000000   Number         0  system_stm32f4xx.o ABSOLUTE
    ../Drivers/STM32F4xx_HAL_Driver/Src/stm32f4xx_hal.c 0x00000000   Number         0  stm32f4xx_hal.o ABSOLUTE
    ../Drivers/STM32F4xx_HAL_Driver/Src/stm32f4xx_hal_cortex.c 0x00000000   Number         0  stm32f4xx_hal_cortex.o ABSOLUTE
    ../Drivers/STM32F4xx_HAL_Driver/Src/stm32f4xx_hal_dma.c 0x00000000   Number         0  stm32f4xx_hal_dma.o ABSOLUTE
    ../Drivers/STM32F4xx_HAL_Driver/Src/stm32f4xx_hal_dma_ex.c 0x00000000   Number         0  stm32f4xx_hal_dma_ex.o ABSOLUTE
    ../Drivers/STM32F4xx_HAL_Driver/Src/stm32f4xx_hal_exti.c 0x00000000   Number         0  stm32f4xx_hal_exti.o ABSOLUTE
    ../Drivers/STM32F4xx_HAL_Driver/Src/stm32f4xx_hal_flash.c 0x00000000   Number         0  stm32f4xx_hal_flash.o ABSOLUTE
    ../Drivers/STM32F4xx_HAL_Driver/Src/stm32f4xx_hal_flash_ex.c 0x00000000   Number         0  stm32f4xx_hal_flash_ex.o ABSOLUTE
    ../Drivers/STM32F4xx_HAL_Driver/Src/stm32f4xx_hal_flash_ramfunc.c 0x00000000   Number         0  stm32f4xx_hal_flash_ramfunc.o ABSOLUTE
    ../Drivers/STM32F4xx_HAL_Driver/Src/stm32f4xx_hal_gpio.c 0x00000000   Number         0  stm32f4xx_hal_gpio.o ABSOLUTE
    ../Drivers/STM32F4xx_HAL_Driver/Src/stm32f4xx_hal_i2c.c 0x00000000   Number         0  stm32f4xx_hal_i2c.o ABSOLUTE
    ../Drivers/STM32F4xx_HAL_Driver/Src/stm32f4xx_hal_i2c_ex.c 0x00000000   Number         0  stm32f4xx_hal_i2c_ex.o ABSOLUTE
    ../Drivers/STM32F4xx_HAL_Driver/Src/stm32f4xx_hal_pwr.c 0x00000000   Number         0  stm32f4xx_hal_pwr.o ABSOLUTE
    ../Drivers/STM32F4xx_HAL_Driver/Src/stm32f4xx_hal_pwr_ex.c 0x00000000   Number         0  stm32f4xx_hal_pwr_ex.o ABSOLUTE
    ../Drivers/STM32F4xx_HAL_Driver/Src/stm32f4xx_hal_rcc.c 0x00000000   Number         0  stm32f4xx_hal_rcc.o ABSOLUTE
    ../Drivers/STM32F4xx_HAL_Driver/Src/stm32f4xx_hal_rcc_ex.c 0x00000000   Number         0  stm32f4xx_hal_rcc_ex.o ABSOLUTE
    ../Drivers/STM32F4xx_HAL_Driver/Src/stm32f4xx_hal_tim.c 0x00000000   Number         0  stm32f4xx_hal_tim.o ABSOLUTE
    ../Drivers/STM32F4xx_HAL_Driver/Src/stm32f4xx_hal_tim_ex.c 0x00000000   Number         0  stm32f4xx_hal_tim_ex.o ABSOLUTE
    ../clib/microlib/division.c              0x00000000   Number         0  uldiv.o ABSOLUTE
    ../clib/microlib/init/entry.s            0x00000000   Number         0  entry9a.o ABSOLUTE
    ../clib/microlib/init/entry.s            0x00000000   Number         0  entry8b.o ABSOLUTE
    ../clib/microlib/init/entry.s            0x00000000   Number         0  entry8a.o ABSOLUTE
    ../clib/microlib/init/entry.s            0x00000000   Number         0  entry7b.o ABSOLUTE
    ../clib/microlib/init/entry.s            0x00000000   Number         0  entry11a.o ABSOLUTE
    ../clib/microlib/init/entry.s            0x00000000   Number         0  entry7a.o ABSOLUTE
    ../clib/microlib/init/entry.s            0x00000000   Number         0  entry10b.o ABSOLUTE
    ../clib/microlib/init/entry.s            0x00000000   Number         0  entry10a.o ABSOLUTE
    ../clib/microlib/init/entry.s            0x00000000   Number         0  entry2.o ABSOLUTE
    ../clib/microlib/init/entry.s            0x00000000   Number         0  entry.o ABSOLUTE
    ../clib/microlib/init/entry.s            0x00000000   Number         0  entry5.o ABSOLUTE
    ../clib/microlib/init/entry.s            0x00000000   Number         0  entry9b.o ABSOLUTE
    ../clib/microlib/init/entry.s            0x00000000   Number         0  entry11b.o ABSOLUTE
    ../clib/microlib/longlong.c              0x00000000   Number         0  llushr.o ABSOLUTE
    ../clib/microlib/longlong.c              0x00000000   Number         0  llshl.o ABSOLUTE
    ../clib/microlib/string/memcpy.c         0x00000000   Number         0  memcpya.o ABSOLUTE
    ../clib/microlib/string/memcpy.c         0x00000000   Number         0  memcpyb.o ABSOLUTE
    ../clib/microlib/string/memset.c         0x00000000   Number         0  memseta.o ABSOLUTE
    ../clib/microlib/stubs.s                 0x00000000   Number         0  iusefp.o ABSOLUTE
    ../fplib/microlib/fpepilogue.c           0x00000000   Number         0  depilogue.o ABSOLUTE
    ../fplib/microlib/fpflt.c                0x00000000   Number         0  dfltui.o ABSOLUTE
    ../fplib/microlib/fpflt.c                0x00000000   Number         0  dflti.o ABSOLUTE
    ..\Core\Src\main.c                       0x00000000   Number         0  main.o ABSOLUTE
    ..\Core\Src\stm32f4xx_hal_msp.c          0x00000000   Number         0  stm32f4xx_hal_msp.o ABSOLUTE
    ..\Core\Src\stm32f4xx_it.c               0x00000000   Number         0  stm32f4xx_it.o ABSOLUTE
    ..\Core\Src\system_stm32f4xx.c           0x00000000   Number         0  system_stm32f4xx.o ABSOLUTE
    ..\Drivers\STM32F4xx_HAL_Driver\Src\stm32f4xx_hal.c 0x00000000   Number         0  stm32f4xx_hal.o ABSOLUTE
    ..\Drivers\STM32F4xx_HAL_Driver\Src\stm32f4xx_hal_cortex.c 0x00000000   Number         0  stm32f4xx_hal_cortex.o ABSOLUTE
    ..\Drivers\STM32F4xx_HAL_Driver\Src\stm32f4xx_hal_dma.c 0x00000000   Number         0  stm32f4xx_hal_dma.o ABSOLUTE
    ..\Drivers\STM32F4xx_HAL_Driver\Src\stm32f4xx_hal_dma_ex.c 0x00000000   Number         0  stm32f4xx_hal_dma_ex.o ABSOLUTE
    ..\Drivers\STM32F4xx_HAL_Driver\Src\stm32f4xx_hal_exti.c 0x00000000   Number         0  stm32f4xx_hal_exti.o ABSOLUTE
    ..\Drivers\STM32F4xx_HAL_Driver\Src\stm32f4xx_hal_flash.c 0x00000000   Number         0  stm32f4xx_hal_flash.o ABSOLUTE
    ..\Drivers\STM32F4xx_HAL_Driver\Src\stm32f4xx_hal_flash_ex.c 0x00000000   Number         0  stm32f4xx_hal_flash_ex.o ABSOLUTE
    ..\Drivers\STM32F4xx_HAL_Driver\Src\stm32f4xx_hal_flash_ramfunc.c 0x00000000   Number         0  stm32f4xx_hal_flash_ramfunc.o ABSOLUTE
    ..\Drivers\STM32F4xx_HAL_Driver\Src\stm32f4xx_hal_gpio.c 0x00000000   Number         0  stm32f4xx_hal_gpio.o ABSOLUTE
    ..\Drivers\STM32F4xx_HAL_Driver\Src\stm32f4xx_hal_i2c.c 0x00000000   Number         0  stm32f4xx_hal_i2c.o ABSOLUTE
    ..\Drivers\STM32F4xx_HAL_Driver\Src\stm32f4xx_hal_i2c_ex.c 0x00000000   Number         0  stm32f4xx_hal_i2c_ex.o ABSOLUTE
    ..\Drivers\STM32F4xx_HAL_Driver\Src\stm32f4xx_hal_pwr.c 0x00000000   Number         0  stm32f4xx_hal_pwr.o ABSOLUTE
    ..\Drivers\STM32F4xx_HAL_Driver\Src\stm32f4xx_hal_pwr_ex.c 0x00000000   Number         0  stm32f4xx_hal_pwr_ex.o ABSOLUTE
    ..\Drivers\STM32F4xx_HAL_Driver\Src\stm32f4xx_hal_rcc.c 0x00000000   Number         0  stm32f4xx_hal_rcc.o ABSOLUTE
    ..\Drivers\STM32F4xx_HAL_Driver\Src\stm32f4xx_hal_rcc_ex.c 0x00000000   Number         0  stm32f4xx_hal_rcc_ex.o ABSOLUTE
    ..\Drivers\STM32F4xx_HAL_Driver\Src\stm32f4xx_hal_tim.c 0x00000000   Number         0  stm32f4xx_hal_tim.o ABSOLUTE
    ..\Drivers\STM32F4xx_HAL_Driver\Src\stm32f4xx_hal_tim_ex.c 0x00000000   Number         0  stm32f4xx_hal_tim_ex.o ABSOLUTE
    STM32F4xx_StdPeriph_Driver\\src\\stm32f4xx_fsmc.c 0x00000000   Number         0  stm32f4xx_fsmc.o ABSOLUTE
    STM32F4xx_StdPeriph_Driver\\src\\stm32f4xx_gpio.c 0x00000000   Number         0  stm32f4xx_gpio.o ABSOLUTE
    STM32F4xx_StdPeriph_Driver\\src\\stm32f4xx_rcc.c 0x00000000   Number         0  stm32f4xx_rcc.o ABSOLUTE
    STM32F4xx_StdPeriph_Driver\src\stm32f4xx_fsmc.c 0x00000000   Number         0  stm32f4xx_fsmc.o ABSOLUTE
    STM32F4xx_StdPeriph_Driver\src\stm32f4xx_gpio.c 0x00000000   Number         0  stm32f4xx_gpio.o ABSOLUTE
    STM32F4xx_StdPeriph_Driver\src\stm32f4xx_rcc.c 0x00000000   Number         0  stm32f4xx_rcc.o ABSOLUTE
    cdcmple.s                                0x00000000   Number         0  cdcmple.o ABSOLUTE
    cdrcmple.s                               0x00000000   Number         0  cdrcmple.o ABSOLUTE
    dc.s                                     0x00000000   Number         0  dc.o ABSOLUTE
    handlers.s                               0x00000000   Number         0  handlers.o ABSOLUTE
    init.s                                   0x00000000   Number         0  init.o ABSOLUTE
    src\\stm32f4_discovery_lcd.c             0x00000000   Number         0  stm32f4_discovery_lcd.o ABSOLUTE
    src\stm32f4_discovery_lcd.c              0x00000000   Number         0  stm32f4_discovery_lcd.o ABSOLUTE
    startup_stm32f407xx.s                    0x00000000   Number         0  startup_stm32f407xx.o ABSOLUTE
    RESET                                    0x08000000   Section      392  startup_stm32f407xx.o(RESET)
    .ARM.Collect$$$$00000000                 0x08000188   Section        0  entry.o(.ARM.Collect$$$$00000000)
    .ARM.Collect$$$$00000001                 0x08000188   Section        4  entry2.o(.ARM.Collect$$$$00000001)
    .ARM.Collect$$$$00000004                 0x0800018c   Section        4  entry5.o(.ARM.Collect$$$$00000004)
    .ARM.Collect$$$$00000008                 0x08000190   Section        0  entry7b.o(.ARM.Collect$$$$00000008)
    .ARM.Collect$$$$0000000A                 0x08000190   Section        0  entry8b.o(.ARM.Collect$$$$0000000A)
    .ARM.Collect$$$$0000000B                 0x08000190   Section        8  entry9a.o(.ARM.Collect$$$$0000000B)
    .ARM.Collect$$$$0000000D                 0x08000198   Section        0  entry10a.o(.ARM.Collect$$$$0000000D)
    .ARM.Collect$$$$0000000F                 0x08000198   Section        0  entry11a.o(.ARM.Collect$$$$0000000F)
    .ARM.Collect$$$$00002712                 0x08000198   Section        4  entry2.o(.ARM.Collect$$$$00002712)
    __lit__00000000                          0x08000198   Data           4  entry2.o(.ARM.Collect$$$$00002712)
    .text                                    0x0800019c   Section       36  startup_stm32f407xx.o(.text)
    $v0                                      0x0800019c   Number         0  startup_stm32f407xx.o(.text)
    .text                                    0x080001c0   Section        0  uldiv.o(.text)
    .text                                    0x08000222   Section        0  memcpya.o(.text)
    .text                                    0x08000246   Section        0  memseta.o(.text)
    .text                                    0x0800026a   Section        0  llshl.o(.text)
    .text                                    0x08000288   Section        0  llushr.o(.text)
    .text                                    0x080002a8   Section       36  init.o(.text)
    i.BusFault_Handler                       0x080002cc   Section        0  stm32f4xx_it.o(i.BusFault_Handler)
    i.DMA1_Stream0_IRQHandler                0x080002d0   Section        0  stm32f4xx_it.o(i.DMA1_Stream0_IRQHandler)
    i.DMA1_Stream6_IRQHandler                0x080002dc   Section        0  stm32f4xx_it.o(i.DMA1_Stream6_IRQHandler)
    i.DMA_CalcBaseAndBitshift                0x080002e8   Section        0  stm32f4xx_hal_dma.o(i.DMA_CalcBaseAndBitshift)
    DMA_CalcBaseAndBitshift                  0x080002e9   Thumb Code    34  stm32f4xx_hal_dma.o(i.DMA_CalcBaseAndBitshift)
    i.DMA_CheckFifoParam                     0x08000310   Section        0  stm32f4xx_hal_dma.o(i.DMA_CheckFifoParam)
    DMA_CheckFifoParam                       0x08000311   Thumb Code    84  stm32f4xx_hal_dma.o(i.DMA_CheckFifoParam)
    i.DMA_SetConfig                          0x08000364   Section        0  stm32f4xx_hal_dma.o(i.DMA_SetConfig)
    DMA_SetConfig                            0x08000365   Thumb Code    40  stm32f4xx_hal_dma.o(i.DMA_SetConfig)
    i.DebugMon_Handler                       0x0800038c   Section        0  stm32f4xx_it.o(i.DebugMon_Handler)
    i.Error_Handler                          0x0800038e   Section        0  main.o(i.Error_Handler)
    i.FSMC_NORSRAMCmd                        0x08000394   Section        0  stm32f4xx_fsmc.o(i.FSMC_NORSRAMCmd)
    i.FSMC_NORSRAMInit                       0x080003c8   Section        0  stm32f4xx_fsmc.o(i.FSMC_NORSRAMInit)
    i.GPIO_Init                              0x080004ae   Section        0  stm32f4xx_gpio.o(i.GPIO_Init)
    i.GPIO_PinAFConfig                       0x0800053e   Section        0  stm32f4xx_gpio.o(i.GPIO_PinAFConfig)
    i.GPIO_ResetBits                         0x08000584   Section        0  stm32f4xx_gpio.o(i.GPIO_ResetBits)
    i.GPIO_SetBits                           0x08000588   Section        0  stm32f4xx_gpio.o(i.GPIO_SetBits)
    i.HAL_DMA_Abort_IT                       0x0800058c   Section        0  stm32f4xx_hal_dma.o(i.HAL_DMA_Abort_IT)
    i.HAL_DMA_GetError                       0x080005b0   Section        0  stm32f4xx_hal_dma.o(i.HAL_DMA_GetError)
    i.HAL_DMA_GetState                       0x080005b4   Section        0  stm32f4xx_hal_dma.o(i.HAL_DMA_GetState)
    i.HAL_DMA_IRQHandler                     0x080005bc   Section        0  stm32f4xx_hal_dma.o(i.HAL_DMA_IRQHandler)
    i.HAL_DMA_Init                           0x0800075c   Section        0  stm32f4xx_hal_dma.o(i.HAL_DMA_Init)
    i.HAL_DMA_Start_IT                       0x08000830   Section        0  stm32f4xx_hal_dma.o(i.HAL_DMA_Start_IT)
    i.HAL_GPIO_Init                          0x080008a0   Section        0  stm32f4xx_hal_gpio.o(i.HAL_GPIO_Init)
    i.HAL_GPIO_WritePin                      0x08000a58   Section        0  stm32f4xx_hal_gpio.o(i.HAL_GPIO_WritePin)
    i.HAL_GetTick                            0x08000a64   Section        0  stm32f4xx_hal.o(i.HAL_GetTick)
    i.HAL_I2C_AbortCpltCallback              0x08000a70   Section        0  stm32f4xx_hal_i2c.o(i.HAL_I2C_AbortCpltCallback)
    i.HAL_I2C_AddrCallback                   0x08000a72   Section        0  stm32f4xx_hal_i2c.o(i.HAL_I2C_AddrCallback)
    i.HAL_I2C_ER_IRQHandler                  0x08000a74   Section        0  stm32f4xx_hal_i2c.o(i.HAL_I2C_ER_IRQHandler)
    i.HAL_I2C_EV_IRQHandler                  0x08000b2e   Section        0  stm32f4xx_hal_i2c.o(i.HAL_I2C_EV_IRQHandler)
    i.HAL_I2C_ErrorCallback                  0x08000d94   Section        0  main.o(i.HAL_I2C_ErrorCallback)
    i.HAL_I2C_Init                           0x08000da4   Section        0  stm32f4xx_hal_i2c.o(i.HAL_I2C_Init)
    i.HAL_I2C_ListenCpltCallback             0x08000f2c   Section        0  stm32f4xx_hal_i2c.o(i.HAL_I2C_ListenCpltCallback)
    i.HAL_I2C_MasterRxCpltCallback           0x08000f2e   Section        0  stm32f4xx_hal_i2c.o(i.HAL_I2C_MasterRxCpltCallback)
    i.HAL_I2C_MasterTxCpltCallback           0x08000f30   Section        0  stm32f4xx_hal_i2c.o(i.HAL_I2C_MasterTxCpltCallback)
    i.HAL_I2C_MemRxCpltCallback              0x08000f32   Section        0  stm32f4xx_hal_i2c.o(i.HAL_I2C_MemRxCpltCallback)
    i.HAL_I2C_MemTxCpltCallback              0x08000f34   Section        0  stm32f4xx_hal_i2c.o(i.HAL_I2C_MemTxCpltCallback)
    i.HAL_I2C_MspInit                        0x08000f38   Section        0  stm32f4xx_hal_msp.o(i.HAL_I2C_MspInit)
    i.HAL_I2C_SlaveRxCpltCallback            0x0800102c   Section        0  main.o(i.HAL_I2C_SlaveRxCpltCallback)
    i.HAL_I2C_SlaveTxCpltCallback            0x0800108c   Section        0  stm32f4xx_hal_i2c.o(i.HAL_I2C_SlaveTxCpltCallback)
    i.HAL_I2C_Slave_Receive_DMA              0x08001090   Section        0  stm32f4xx_hal_i2c.o(i.HAL_I2C_Slave_Receive_DMA)
    i.HAL_IncTick                            0x08001164   Section        0  stm32f4xx_hal.o(i.HAL_IncTick)
    i.HAL_Init                               0x08001174   Section        0  stm32f4xx_hal.o(i.HAL_Init)
    i.HAL_InitTick                           0x080011a8   Section        0  stm32f4xx_hal.o(i.HAL_InitTick)
    i.HAL_MspInit                            0x080011e8   Section        0  stm32f4xx_hal_msp.o(i.HAL_MspInit)
    i.HAL_NVIC_EnableIRQ                     0x08001218   Section        0  stm32f4xx_hal_cortex.o(i.HAL_NVIC_EnableIRQ)
    i.HAL_NVIC_SetPriority                   0x08001234   Section        0  stm32f4xx_hal_cortex.o(i.HAL_NVIC_SetPriority)
    i.HAL_NVIC_SetPriorityGrouping           0x08001274   Section        0  stm32f4xx_hal_cortex.o(i.HAL_NVIC_SetPriorityGrouping)
    i.HAL_RCC_ClockConfig                    0x08001298   Section        0  stm32f4xx_hal_rcc.o(i.HAL_RCC_ClockConfig)
    i.HAL_RCC_GetPCLK1Freq                   0x080013cc   Section        0  stm32f4xx_hal_rcc.o(i.HAL_RCC_GetPCLK1Freq)
    i.HAL_RCC_GetSysClockFreq                0x080013ec   Section        0  stm32f4xx_hal_rcc.o(i.HAL_RCC_GetSysClockFreq)
    i.HAL_RCC_OscConfig                      0x0800144c   Section        0  stm32f4xx_hal_rcc.o(i.HAL_RCC_OscConfig)
    i.HAL_SYSTICK_Config                     0x080017a8   Section        0  stm32f4xx_hal_cortex.o(i.HAL_SYSTICK_Config)
    i.HardFault_Handler                      0x080017d0   Section        0  stm32f4xx_it.o(i.HardFault_Handler)
    i.I2C1_ER_IRQHandler                     0x080017d4   Section        0  stm32f4xx_it.o(i.I2C1_ER_IRQHandler)
    i.I2C1_EV_IRQHandler                     0x080017e0   Section        0  stm32f4xx_it.o(i.I2C1_EV_IRQHandler)
    i.I2C_DMAAbort                           0x080017ec   Section        0  stm32f4xx_hal_i2c.o(i.I2C_DMAAbort)
    I2C_DMAAbort                             0x080017ed   Thumb Code   182  stm32f4xx_hal_i2c.o(i.I2C_DMAAbort)
    i.I2C_DMAError                           0x080018a8   Section        0  stm32f4xx_hal_i2c.o(i.I2C_DMAError)
    I2C_DMAError                             0x080018a9   Thumb Code    64  stm32f4xx_hal_i2c.o(i.I2C_DMAError)
    i.I2C_DMAXferCplt                        0x080018e8   Section        0  stm32f4xx_hal_i2c.o(i.I2C_DMAXferCplt)
    I2C_DMAXferCplt                          0x080018e9   Thumb Code   266  stm32f4xx_hal_i2c.o(i.I2C_DMAXferCplt)
    i.I2C_ITError                            0x080019f4   Section        0  stm32f4xx_hal_i2c.o(i.I2C_ITError)
    I2C_ITError                              0x080019f5   Thumb Code   336  stm32f4xx_hal_i2c.o(i.I2C_ITError)
    i.I2C_MasterReceive_BTF                  0x08001b4c   Section        0  stm32f4xx_hal_i2c.o(i.I2C_MasterReceive_BTF)
    I2C_MasterReceive_BTF                    0x08001b4d   Thumb Code   210  stm32f4xx_hal_i2c.o(i.I2C_MasterReceive_BTF)
    i.I2C_MasterReceive_RXNE                 0x08001c20   Section        0  stm32f4xx_hal_i2c.o(i.I2C_MasterReceive_RXNE)
    I2C_MasterReceive_RXNE                   0x08001c21   Thumb Code   228  stm32f4xx_hal_i2c.o(i.I2C_MasterReceive_RXNE)
    i.I2C_MasterTransmit_BTF                 0x08001d08   Section        0  stm32f4xx_hal_i2c.o(i.I2C_MasterTransmit_BTF)
    I2C_MasterTransmit_BTF                   0x08001d09   Thumb Code   116  stm32f4xx_hal_i2c.o(i.I2C_MasterTransmit_BTF)
    i.I2C_MasterTransmit_TXE                 0x08001d7c   Section        0  stm32f4xx_hal_i2c.o(i.I2C_MasterTransmit_TXE)
    I2C_MasterTransmit_TXE                   0x08001d7d   Thumb Code   182  stm32f4xx_hal_i2c.o(i.I2C_MasterTransmit_TXE)
    i.I2C_Master_ADDR                        0x08001e34   Section        0  stm32f4xx_hal_i2c.o(i.I2C_Master_ADDR)
    I2C_Master_ADDR                          0x08001e35   Thumb Code   276  stm32f4xx_hal_i2c.o(i.I2C_Master_ADDR)
    i.I2C_Master_SB                          0x08001f4c   Section        0  stm32f4xx_hal_i2c.o(i.I2C_Master_SB)
    I2C_Master_SB                            0x08001f4d   Thumb Code   140  stm32f4xx_hal_i2c.o(i.I2C_Master_SB)
    i.I2C_MemoryTransmit_TXE_BTF             0x08001fd8   Section        0  stm32f4xx_hal_i2c.o(i.I2C_MemoryTransmit_TXE_BTF)
    I2C_MemoryTransmit_TXE_BTF               0x08001fd9   Thumb Code   160  stm32f4xx_hal_i2c.o(i.I2C_MemoryTransmit_TXE_BTF)
    i.I2C_Slave_AF                           0x08002078   Section        0  stm32f4xx_hal_i2c.o(i.I2C_Slave_AF)
    I2C_Slave_AF                             0x08002079   Thumb Code   126  stm32f4xx_hal_i2c.o(i.I2C_Slave_AF)
    i.I2C_Slave_STOPF                        0x080020fc   Section        0  stm32f4xx_hal_i2c.o(i.I2C_Slave_STOPF)
    I2C_Slave_STOPF                          0x080020fd   Thumb Code   338  stm32f4xx_hal_i2c.o(i.I2C_Slave_STOPF)
    i.LCD_Clear                              0x08002258   Section        0  stm32f4_discovery_lcd.o(i.LCD_Clear)
    i.LCD_CtrlLinesConfig                    0x08002284   Section        0  stm32f4_discovery_lcd.o(i.LCD_CtrlLinesConfig)
    i.LCD_FSMCConfig                         0x080023f4   Section        0  stm32f4_discovery_lcd.o(i.LCD_FSMCConfig)
    i.LCD_SetBackColor                       0x08002454   Section        0  stm32f4_discovery_lcd.o(i.LCD_SetBackColor)
    i.LCD_SetCursor                          0x08002464   Section        0  stm32f4_discovery_lcd.o(i.LCD_SetCursor)
    i.LCD_SetFont                            0x0800247c   Section        0  stm32f4_discovery_lcd.o(i.LCD_SetFont)
    i.LCD_SetTextColor                       0x08002488   Section        0  stm32f4_discovery_lcd.o(i.LCD_SetTextColor)
    i.LCD_WriteRAM                           0x08002498   Section        0  stm32f4_discovery_lcd.o(i.LCD_WriteRAM)
    i.LCD_WriteRAM_Prepare                   0x080024a4   Section        0  stm32f4_discovery_lcd.o(i.LCD_WriteRAM_Prepare)
    i.LCD_WriteReg                           0x080024b0   Section        0  stm32f4_discovery_lcd.o(i.LCD_WriteReg)
    i.MX_GPIO_Init                           0x080024c0   Section        0  main.o(i.MX_GPIO_Init)
    MX_GPIO_Init                             0x080024c1   Thumb Code   102  main.o(i.MX_GPIO_Init)
    i.MemManage_Handler                      0x08002530   Section        0  stm32f4xx_it.o(i.MemManage_Handler)
    i.NMI_Handler                            0x08002532   Section        0  stm32f4xx_it.o(i.NMI_Handler)
    i.PendSV_Handler                         0x08002534   Section        0  stm32f4xx_it.o(i.PendSV_Handler)
    i.RCC_AHB1PeriphClockCmd                 0x08002538   Section        0  stm32f4xx_rcc.o(i.RCC_AHB1PeriphClockCmd)
    i.RCC_AHB3PeriphClockCmd                 0x08002558   Section        0  stm32f4xx_rcc.o(i.RCC_AHB3PeriphClockCmd)
    i.STM32f4_Discovery_LCD_Init             0x08002578   Section        0  stm32f4_discovery_lcd.o(i.STM32f4_Discovery_LCD_Init)
    i.SVC_Handler                            0x080026dc   Section        0  stm32f4xx_it.o(i.SVC_Handler)
    i.SysTick_Handler                        0x080026de   Section        0  stm32f4xx_it.o(i.SysTick_Handler)
    i.SystemClock_Config                     0x080026e4   Section        0  main.o(i.SystemClock_Config)
    i.SystemInit                             0x0800277c   Section        0  system_stm32f4xx.o(i.SystemInit)
    i.UsageFault_Handler                     0x08002798   Section        0  stm32f4xx_it.o(i.UsageFault_Handler)
    i._Z5delayj                              0x0800279a   Section        0  stm32f4_discovery_lcd.o(i._Z5delayj)
    delay(unsigned)                          0x0800279b   Thumb Code    34  stm32f4_discovery_lcd.o(i._Z5delayj)
    i.__NVIC_SetPriority                     0x080027bc   Section        0  stm32f4xx_hal_cortex.o(i.__NVIC_SetPriority)
    __NVIC_SetPriority                       0x080027bd   Thumb Code    32  stm32f4xx_hal_cortex.o(i.__NVIC_SetPriority)
    i.__scatterload_copy                     0x080027dc   Section       14  handlers.o(i.__scatterload_copy)
    i.__scatterload_null                     0x080027ea   Section        2  handlers.o(i.__scatterload_null)
    i.__scatterload_zeroinit                 0x080027ec   Section       14  handlers.o(i.__scatterload_zeroinit)
    i.main                                   0x080027fc   Section        0  main.o(i.main)
    .constdata                               0x080028f8   Section        8  stm32f4xx_hal_dma.o(.constdata)
    flagBitshiftOffset                       0x080028f8   Data           8  stm32f4xx_hal_dma.o(.constdata)
    .constdata                               0x08002900   Section       16  system_stm32f4xx.o(.constdata)
    .constdata                               0x08002910   Section        8  system_stm32f4xx.o(.constdata)
    .constdata                               0x08002918   Section    10704  stm32f4_discovery_lcd.o(.constdata)
    ASCII16x24_Table                         0x08002918   Data        4560  stm32f4_discovery_lcd.o(.constdata)
    ASCII12x12_Table                         0x08003ae8   Data        2304  stm32f4_discovery_lcd.o(.constdata)
    ASCII8x12_Table                          0x080043e8   Data        2304  stm32f4_discovery_lcd.o(.constdata)
    ASCII8x8_Table                           0x08004ce8   Data        1536  stm32f4_discovery_lcd.o(.constdata)
    .data                                    0x20000000   Section        2  main.o(.data)
    .data                                    0x20000004   Section       12  stm32f4xx_hal.o(.data)
    .data                                    0x20000010   Section        4  system_stm32f4xx.o(.data)
    .data                                    0x20000014   Section       40  stm32f4_discovery_lcd.o(.data)
    LCD_Currentfonts                         0x20000034   Data           4  stm32f4_discovery_lcd.o(.data)
    TextColor                                0x20000038   Data           2  stm32f4_discovery_lcd.o(.data)
    BackColor                                0x2000003a   Data           2  stm32f4_discovery_lcd.o(.data)
    .bss                                     0x2000003c   Section     1364  main.o(.bss)
    .bss                                     0x20000590   Section       96  main.o(.bss)
    .bss                                     0x200005f0   Section       96  main.o(.bss)
    STACK                                    0x20000650   Section    16384  startup_stm32f407xx.o(STACK)

    Global Symbols

    Symbol Name                              Value     Ov Type        Size  Object(Section)

    BuildAttributes$$THM_ISAv4$E$P$D$K$B$S$7EM$VFPi3$EXTD16$VFPS$VFMA$PE$A:L22UL41UL21$X:L11$S22US41US21$IEEE1$IW$USESV6$~STKCKD$USESV7$~SHL$OSPACE$ROPI$EBA8$MICROLIB$REQ8$PRES8$EABIv2 0x00000000   Number         0  anon$$obj.o ABSOLUTE
    __ARM_use_no_argv                        0x00000000   Number         0  main.o ABSOLUTE
    __cpp_initialize__aeabi_                  - Undefined Weak Reference
    __cxa_finalize                            - Undefined Weak Reference
    __decompress                              - Undefined Weak Reference
    _clock_init                               - Undefined Weak Reference
    _microlib_exit                            - Undefined Weak Reference
    __Vectors_Size                           0x00000188   Number         0  startup_stm32f407xx.o ABSOLUTE
    __Vectors                                0x08000000   Data           4  startup_stm32f407xx.o(RESET)
    __Vectors_End                            0x08000188   Data           0  startup_stm32f407xx.o(RESET)
    __main                                   0x08000189   Thumb Code     0  entry.o(.ARM.Collect$$$$00000000)
    _main_stk                                0x08000189   Thumb Code     0  entry2.o(.ARM.Collect$$$$00000001)
    _main_scatterload                        0x0800018d   Thumb Code     0  entry5.o(.ARM.Collect$$$$00000004)
    __main_after_scatterload                 0x08000191   Thumb Code     0  entry5.o(.ARM.Collect$$$$00000004)
    _main_clock                              0x08000191   Thumb Code     0  entry7b.o(.ARM.Collect$$$$00000008)
    _main_cpp_init                           0x08000191   Thumb Code     0  entry8b.o(.ARM.Collect$$$$0000000A)
    _main_init                               0x08000191   Thumb Code     0  entry9a.o(.ARM.Collect$$$$0000000B)
    __rt_final_cpp                           0x08000199   Thumb Code     0  entry10a.o(.ARM.Collect$$$$0000000D)
    __rt_final_exit                          0x08000199   Thumb Code     0  entry11a.o(.ARM.Collect$$$$0000000F)
    Reset_Handler                            0x0800019d   Thumb Code     8  startup_stm32f407xx.o(.text)
    ADC_IRQHandler                           0x080001b7   Thumb Code     0  startup_stm32f407xx.o(.text)
    CAN1_RX0_IRQHandler                      0x080001b7   Thumb Code     0  startup_stm32f407xx.o(.text)
    CAN1_RX1_IRQHandler                      0x080001b7   Thumb Code     0  startup_stm32f407xx.o(.text)
    CAN1_SCE_IRQHandler                      0x080001b7   Thumb Code     0  startup_stm32f407xx.o(.text)
    CAN1_TX_IRQHandler                       0x080001b7   Thumb Code     0  startup_stm32f407xx.o(.text)
    CAN2_RX0_IRQHandler                      0x080001b7   Thumb Code     0  startup_stm32f407xx.o(.text)
    CAN2_RX1_IRQHandler                      0x080001b7   Thumb Code     0  startup_stm32f407xx.o(.text)
    CAN2_SCE_IRQHandler                      0x080001b7   Thumb Code     0  startup_stm32f407xx.o(.text)
    CAN2_TX_IRQHandler                       0x080001b7   Thumb Code     0  startup_stm32f407xx.o(.text)
    DCMI_IRQHandler                          0x080001b7   Thumb Code     0  startup_stm32f407xx.o(.text)
    DMA1_Stream1_IRQHandler                  0x080001b7   Thumb Code     0  startup_stm32f407xx.o(.text)
    DMA1_Stream2_IRQHandler                  0x080001b7   Thumb Code     0  startup_stm32f407xx.o(.text)
    DMA1_Stream3_IRQHandler                  0x080001b7   Thumb Code     0  startup_stm32f407xx.o(.text)
    DMA1_Stream4_IRQHandler                  0x080001b7   Thumb Code     0  startup_stm32f407xx.o(.text)
    DMA1_Stream5_IRQHandler                  0x080001b7   Thumb Code     0  startup_stm32f407xx.o(.text)
    DMA1_Stream7_IRQHandler                  0x080001b7   Thumb Code     0  startup_stm32f407xx.o(.text)
    DMA2_Stream0_IRQHandler                  0x080001b7   Thumb Code     0  startup_stm32f407xx.o(.text)
    DMA2_Stream1_IRQHandler                  0x080001b7   Thumb Code     0  startup_stm32f407xx.o(.text)
    DMA2_Stream2_IRQHandler                  0x080001b7   Thumb Code     0  startup_stm32f407xx.o(.text)
    DMA2_Stream3_IRQHandler                  0x080001b7   Thumb Code     0  startup_stm32f407xx.o(.text)
    DMA2_Stream4_IRQHandler                  0x080001b7   Thumb Code     0  startup_stm32f407xx.o(.text)
    DMA2_Stream5_IRQHandler                  0x080001b7   Thumb Code     0  startup_stm32f407xx.o(.text)
    DMA2_Stream6_IRQHandler                  0x080001b7   Thumb Code     0  startup_stm32f407xx.o(.text)
    DMA2_Stream7_IRQHandler                  0x080001b7   Thumb Code     0  startup_stm32f407xx.o(.text)
    ETH_IRQHandler                           0x080001b7   Thumb Code     0  startup_stm32f407xx.o(.text)
    ETH_WKUP_IRQHandler                      0x080001b7   Thumb Code     0  startup_stm32f407xx.o(.text)
    EXTI0_IRQHandler                         0x080001b7   Thumb Code     0  startup_stm32f407xx.o(.text)
    EXTI15_10_IRQHandler                     0x080001b7   Thumb Code     0  startup_stm32f407xx.o(.text)
    EXTI1_IRQHandler                         0x080001b7   Thumb Code     0  startup_stm32f407xx.o(.text)
    EXTI2_IRQHandler                         0x080001b7   Thumb Code     0  startup_stm32f407xx.o(.text)
    EXTI3_IRQHandler                         0x080001b7   Thumb Code     0  startup_stm32f407xx.o(.text)
    EXTI4_IRQHandler                         0x080001b7   Thumb Code     0  startup_stm32f407xx.o(.text)
    EXTI9_5_IRQHandler                       0x080001b7   Thumb Code     0  startup_stm32f407xx.o(.text)
    FLASH_IRQHandler                         0x080001b7   Thumb Code     0  startup_stm32f407xx.o(.text)
    FMC_IRQHandler                           0x080001b7   Thumb Code     0  startup_stm32f407xx.o(.text)
    FPU_IRQHandler                           0x080001b7   Thumb Code     0  startup_stm32f407xx.o(.text)
    HASH_RNG_IRQHandler                      0x080001b7   Thumb Code     0  startup_stm32f407xx.o(.text)
    I2C2_ER_IRQHandler                       0x080001b7   Thumb Code     0  startup_stm32f407xx.o(.text)
    I2C2_EV_IRQHandler                       0x080001b7   Thumb Code     0  startup_stm32f407xx.o(.text)
    I2C3_ER_IRQHandler                       0x080001b7   Thumb Code     0  startup_stm32f407xx.o(.text)
    I2C3_EV_IRQHandler                       0x080001b7   Thumb Code     0  startup_stm32f407xx.o(.text)
    OTG_FS_IRQHandler                        0x080001b7   Thumb Code     0  startup_stm32f407xx.o(.text)
    OTG_FS_WKUP_IRQHandler                   0x080001b7   Thumb Code     0  startup_stm32f407xx.o(.text)
    OTG_HS_EP1_IN_IRQHandler                 0x080001b7   Thumb Code     0  startup_stm32f407xx.o(.text)
    OTG_HS_EP1_OUT_IRQHandler                0x080001b7   Thumb Code     0  startup_stm32f407xx.o(.text)
    OTG_HS_IRQHandler                        0x080001b7   Thumb Code     0  startup_stm32f407xx.o(.text)
    OTG_HS_WKUP_IRQHandler                   0x080001b7   Thumb Code     0  startup_stm32f407xx.o(.text)
    PVD_IRQHandler                           0x080001b7   Thumb Code     0  startup_stm32f407xx.o(.text)
    RCC_IRQHandler                           0x080001b7   Thumb Code     0  startup_stm32f407xx.o(.text)
    RTC_Alarm_IRQHandler                     0x080001b7   Thumb Code     0  startup_stm32f407xx.o(.text)
    RTC_WKUP_IRQHandler                      0x080001b7   Thumb Code     0  startup_stm32f407xx.o(.text)
    SDIO_IRQHandler                          0x080001b7   Thumb Code     0  startup_stm32f407xx.o(.text)
    SPI1_IRQHandler                          0x080001b7   Thumb Code     0  startup_stm32f407xx.o(.text)
    SPI2_IRQHandler                          0x080001b7   Thumb Code     0  startup_stm32f407xx.o(.text)
    SPI3_IRQHandler                          0x080001b7   Thumb Code     0  startup_stm32f407xx.o(.text)
    TAMP_STAMP_IRQHandler                    0x080001b7   Thumb Code     0  startup_stm32f407xx.o(.text)
    TIM1_BRK_TIM9_IRQHandler                 0x080001b7   Thumb Code     0  startup_stm32f407xx.o(.text)
    TIM1_CC_IRQHandler                       0x080001b7   Thumb Code     0  startup_stm32f407xx.o(.text)
    TIM1_TRG_COM_TIM11_IRQHandler            0x080001b7   Thumb Code     0  startup_stm32f407xx.o(.text)
    TIM1_UP_TIM10_IRQHandler                 0x080001b7   Thumb Code     0  startup_stm32f407xx.o(.text)
    TIM2_IRQHandler                          0x080001b7   Thumb Code     0  startup_stm32f407xx.o(.text)
    TIM3_IRQHandler                          0x080001b7   Thumb Code     0  startup_stm32f407xx.o(.text)
    TIM4_IRQHandler                          0x080001b7   Thumb Code     0  startup_stm32f407xx.o(.text)
    TIM5_IRQHandler                          0x080001b7   Thumb Code     0  startup_stm32f407xx.o(.text)
    TIM6_DAC_IRQHandler                      0x080001b7   Thumb Code     0  startup_stm32f407xx.o(.text)
    TIM7_IRQHandler                          0x080001b7   Thumb Code     0  startup_stm32f407xx.o(.text)
    TIM8_BRK_TIM12_IRQHandler                0x080001b7   Thumb Code     0  startup_stm32f407xx.o(.text)
    TIM8_CC_IRQHandler                       0x080001b7   Thumb Code     0  startup_stm32f407xx.o(.text)
    TIM8_TRG_COM_TIM14_IRQHandler            0x080001b7   Thumb Code     0  startup_stm32f407xx.o(.text)
    TIM8_UP_TIM13_IRQHandler                 0x080001b7   Thumb Code     0  startup_stm32f407xx.o(.text)
    UART4_IRQHandler                         0x080001b7   Thumb Code     0  startup_stm32f407xx.o(.text)
    UART5_IRQHandler                         0x080001b7   Thumb Code     0  startup_stm32f407xx.o(.text)
    USART1_IRQHandler                        0x080001b7   Thumb Code     0  startup_stm32f407xx.o(.text)
    USART2_IRQHandler                        0x080001b7   Thumb Code     0  startup_stm32f407xx.o(.text)
    USART3_IRQHandler                        0x080001b7   Thumb Code     0  startup_stm32f407xx.o(.text)
    USART6_IRQHandler                        0x080001b7   Thumb Code     0  startup_stm32f407xx.o(.text)
    WWDG_IRQHandler                          0x080001b7   Thumb Code     0  startup_stm32f407xx.o(.text)
    __aeabi_uldivmod                         0x080001c1   Thumb Code    98  uldiv.o(.text)
    __aeabi_memcpy                           0x08000223   Thumb Code    36  memcpya.o(.text)
    __aeabi_memcpy4                          0x08000223   Thumb Code     0  memcpya.o(.text)
    __aeabi_memcpy8                          0x08000223   Thumb Code     0  memcpya.o(.text)
    __aeabi_memset                           0x08000247   Thumb Code    14  memseta.o(.text)
    __aeabi_memset4                          0x08000247   Thumb Code     0  memseta.o(.text)
    __aeabi_memset8                          0x08000247   Thumb Code     0  memseta.o(.text)
    __aeabi_memclr                           0x08000255   Thumb Code     4  memseta.o(.text)
    __aeabi_memclr4                          0x08000255   Thumb Code     0  memseta.o(.text)
    __aeabi_memclr8                          0x08000255   Thumb Code     0  memseta.o(.text)
    _memset$wrapper                          0x08000259   Thumb Code    18  memseta.o(.text)
    __aeabi_llsl                             0x0800026b   Thumb Code    30  llshl.o(.text)
    _ll_shift_l                              0x0800026b   Thumb Code     0  llshl.o(.text)
    __aeabi_llsr                             0x08000289   Thumb Code    32  llushr.o(.text)
    _ll_ushift_r                             0x08000289   Thumb Code     0  llushr.o(.text)
    __scatterload                            0x080002a9   Thumb Code    28  init.o(.text)
    __scatterload_rt2                        0x080002a9   Thumb Code     0  init.o(.text)
    BusFault_Handler                         0x080002cd   Thumb Code     2  stm32f4xx_it.o(i.BusFault_Handler)
    DMA1_Stream0_IRQHandler                  0x080002d1   Thumb Code     6  stm32f4xx_it.o(i.DMA1_Stream0_IRQHandler)
    DMA1_Stream6_IRQHandler                  0x080002dd   Thumb Code     6  stm32f4xx_it.o(i.DMA1_Stream6_IRQHandler)
    DebugMon_Handler                         0x0800038d   Thumb Code     2  stm32f4xx_it.o(i.DebugMon_Handler)
    Error_Handler                            0x0800038f   Thumb Code     4  main.o(i.Error_Handler)
    FSMC_NORSRAMCmd                          0x08000395   Thumb Code    46  stm32f4xx_fsmc.o(i.FSMC_NORSRAMCmd)
    FSMC_NORSRAMInit                         0x080003c9   Thumb Code   230  stm32f4xx_fsmc.o(i.FSMC_NORSRAMInit)
    GPIO_Init                                0x080004af   Thumb Code   144  stm32f4xx_gpio.o(i.GPIO_Init)
    GPIO_PinAFConfig                         0x0800053f   Thumb Code    70  stm32f4xx_gpio.o(i.GPIO_PinAFConfig)
    GPIO_ResetBits                           0x08000585   Thumb Code     4  stm32f4xx_gpio.o(i.GPIO_ResetBits)
    GPIO_SetBits                             0x08000589   Thumb Code     4  stm32f4xx_gpio.o(i.GPIO_SetBits)
    HAL_DMA_Abort_IT                         0x0800058d   Thumb Code    36  stm32f4xx_hal_dma.o(i.HAL_DMA_Abort_IT)
    HAL_DMA_GetError                         0x080005b1   Thumb Code     4  stm32f4xx_hal_dma.o(i.HAL_DMA_GetError)
    HAL_DMA_GetState                         0x080005b5   Thumb Code     6  stm32f4xx_hal_dma.o(i.HAL_DMA_GetState)
    HAL_DMA_IRQHandler                       0x080005bd   Thumb Code   412  stm32f4xx_hal_dma.o(i.HAL_DMA_IRQHandler)
    HAL_DMA_Init                             0x0800075d   Thumb Code   206  stm32f4xx_hal_dma.o(i.HAL_DMA_Init)
    HAL_DMA_Start_IT                         0x08000831   Thumb Code   110  stm32f4xx_hal_dma.o(i.HAL_DMA_Start_IT)
    HAL_GPIO_Init                            0x080008a1   Thumb Code   394  stm32f4xx_hal_gpio.o(i.HAL_GPIO_Init)
    HAL_GPIO_WritePin                        0x08000a59   Thumb Code    10  stm32f4xx_hal_gpio.o(i.HAL_GPIO_WritePin)
    HAL_GetTick                              0x08000a65   Thumb Code     6  stm32f4xx_hal.o(i.HAL_GetTick)
    HAL_I2C_AbortCpltCallback                0x08000a71   Thumb Code     2  stm32f4xx_hal_i2c.o(i.HAL_I2C_AbortCpltCallback)
    HAL_I2C_AddrCallback                     0x08000a73   Thumb Code     2  stm32f4xx_hal_i2c.o(i.HAL_I2C_AddrCallback)
    HAL_I2C_ER_IRQHandler                    0x08000a75   Thumb Code   186  stm32f4xx_hal_i2c.o(i.HAL_I2C_ER_IRQHandler)
    HAL_I2C_EV_IRQHandler                    0x08000b2f   Thumb Code   614  stm32f4xx_hal_i2c.o(i.HAL_I2C_EV_IRQHandler)
    HAL_I2C_ErrorCallback                    0x08000d95   Thumb Code    12  main.o(i.HAL_I2C_ErrorCallback)
    HAL_I2C_Init                             0x08000da5   Thumb Code   376  stm32f4xx_hal_i2c.o(i.HAL_I2C_Init)
    HAL_I2C_ListenCpltCallback               0x08000f2d   Thumb Code     2  stm32f4xx_hal_i2c.o(i.HAL_I2C_ListenCpltCallback)
    HAL_I2C_MasterRxCpltCallback             0x08000f2f   Thumb Code     2  stm32f4xx_hal_i2c.o(i.HAL_I2C_MasterRxCpltCallback)
    HAL_I2C_MasterTxCpltCallback             0x08000f31   Thumb Code     2  stm32f4xx_hal_i2c.o(i.HAL_I2C_MasterTxCpltCallback)
    HAL_I2C_MemRxCpltCallback                0x08000f33   Thumb Code     2  stm32f4xx_hal_i2c.o(i.HAL_I2C_MemRxCpltCallback)
    HAL_I2C_MemTxCpltCallback                0x08000f35   Thumb Code     2  stm32f4xx_hal_i2c.o(i.HAL_I2C_MemTxCpltCallback)
    HAL_I2C_MspInit                          0x08000f39   Thumb Code   220  stm32f4xx_hal_msp.o(i.HAL_I2C_MspInit)
    HAL_I2C_SlaveRxCpltCallback              0x0800102d   Thumb Code    84  main.o(i.HAL_I2C_SlaveRxCpltCallback)
    HAL_I2C_SlaveTxCpltCallback              0x0800108d   Thumb Code     2  stm32f4xx_hal_i2c.o(i.HAL_I2C_SlaveTxCpltCallback)
    HAL_I2C_Slave_Receive_DMA                0x08001091   Thumb Code   200  stm32f4xx_hal_i2c.o(i.HAL_I2C_Slave_Receive_DMA)
    HAL_IncTick                              0x08001165   Thumb Code    12  stm32f4xx_hal.o(i.HAL_IncTick)
    HAL_Init                                 0x08001175   Thumb Code    48  stm32f4xx_hal.o(i.HAL_Init)
    HAL_InitTick                             0x080011a9   Thumb Code    54  stm32f4xx_hal.o(i.HAL_InitTick)
    HAL_MspInit                              0x080011e9   Thumb Code    42  stm32f4xx_hal_msp.o(i.HAL_MspInit)
    HAL_NVIC_EnableIRQ                       0x08001219   Thumb Code    26  stm32f4xx_hal_cortex.o(i.HAL_NVIC_EnableIRQ)
    HAL_NVIC_SetPriority                     0x08001235   Thumb Code    60  stm32f4xx_hal_cortex.o(i.HAL_NVIC_SetPriority)
    HAL_NVIC_SetPriorityGrouping             0x08001275   Thumb Code    26  stm32f4xx_hal_cortex.o(i.HAL_NVIC_SetPriorityGrouping)
    HAL_RCC_ClockConfig                      0x08001299   Thumb Code   288  stm32f4xx_hal_rcc.o(i.HAL_RCC_ClockConfig)
    HAL_RCC_GetPCLK1Freq                     0x080013cd   Thumb Code    20  stm32f4xx_hal_rcc.o(i.HAL_RCC_GetPCLK1Freq)
    HAL_RCC_GetSysClockFreq                  0x080013ed   Thumb Code    88  stm32f4xx_hal_rcc.o(i.HAL_RCC_GetSysClockFreq)
    HAL_RCC_OscConfig                        0x0800144d   Thumb Code   840  stm32f4xx_hal_rcc.o(i.HAL_RCC_OscConfig)
    HAL_SYSTICK_Config                       0x080017a9   Thumb Code    40  stm32f4xx_hal_cortex.o(i.HAL_SYSTICK_Config)
    HardFault_Handler                        0x080017d1   Thumb Code     2  stm32f4xx_it.o(i.HardFault_Handler)
    I2C1_ER_IRQHandler                       0x080017d5   Thumb Code     6  stm32f4xx_it.o(i.I2C1_ER_IRQHandler)
    I2C1_EV_IRQHandler                       0x080017e1   Thumb Code     6  stm32f4xx_it.o(i.I2C1_EV_IRQHandler)
    LCD_Clear                                0x08002259   Thumb Code    36  stm32f4_discovery_lcd.o(i.LCD_Clear)
    LCD_CtrlLinesConfig                      0x08002285   Thumb Code   360  stm32f4_discovery_lcd.o(i.LCD_CtrlLinesConfig)
    LCD_FSMCConfig                           0x080023f5   Thumb Code    94  stm32f4_discovery_lcd.o(i.LCD_FSMCConfig)
    LCD_SetBackColor                         0x08002455   Thumb Code    12  stm32f4_discovery_lcd.o(i.LCD_SetBackColor)
    LCD_SetCursor                            0x08002465   Thumb Code    24  stm32f4_discovery_lcd.o(i.LCD_SetCursor)
    LCD_SetFont                              0x0800247d   Thumb Code     6  stm32f4_discovery_lcd.o(i.LCD_SetFont)
    LCD_SetTextColor                         0x08002489   Thumb Code    12  stm32f4_discovery_lcd.o(i.LCD_SetTextColor)
    LCD_WriteRAM                             0x08002499   Thumb Code     6  stm32f4_discovery_lcd.o(i.LCD_WriteRAM)
    LCD_WriteRAM_Prepare                     0x080024a5   Thumb Code    10  stm32f4_discovery_lcd.o(i.LCD_WriteRAM_Prepare)
    LCD_WriteReg                             0x080024b1   Thumb Code    12  stm32f4_discovery_lcd.o(i.LCD_WriteReg)
    MemManage_Handler                        0x08002531   Thumb Code     2  stm32f4xx_it.o(i.MemManage_Handler)
    NMI_Handler                              0x08002533   Thumb Code     2  stm32f4xx_it.o(i.NMI_Handler)
    PendSV_Handler                           0x08002535   Thumb Code     2  stm32f4xx_it.o(i.PendSV_Handler)
    RCC_AHB1PeriphClockCmd                   0x08002539   Thumb Code    26  stm32f4xx_rcc.o(i.RCC_AHB1PeriphClockCmd)
    RCC_AHB3PeriphClockCmd                   0x08002559   Thumb Code    26  stm32f4xx_rcc.o(i.RCC_AHB3PeriphClockCmd)
    STM32f4_Discovery_LCD_Init               0x08002579   Thumb Code   344  stm32f4_discovery_lcd.o(i.STM32f4_Discovery_LCD_Init)
    SVC_Handler                              0x080026dd   Thumb Code     2  stm32f4xx_it.o(i.SVC_Handler)
    SysTick_Handler                          0x080026df   Thumb Code     4  stm32f4xx_it.o(i.SysTick_Handler)
    SystemClock_Config                       0x080026e5   Thumb Code   142  main.o(i.SystemClock_Config)
    SystemInit                               0x0800277d   Thumb Code    22  system_stm32f4xx.o(i.SystemInit)
    UsageFault_Handler                       0x08002799   Thumb Code     2  stm32f4xx_it.o(i.UsageFault_Handler)
    __scatterload_copy                       0x080027dd   Thumb Code    14  handlers.o(i.__scatterload_copy)
    __scatterload_null                       0x080027eb   Thumb Code     2  handlers.o(i.__scatterload_null)
    __scatterload_zeroinit                   0x080027ed   Thumb Code    14  handlers.o(i.__scatterload_zeroinit)
    main                                     0x080027fd   Thumb Code   228  main.o(i.main)
    AHBPrescTable                            0x08002900   Data          16  system_stm32f4xx.o(.constdata)
    APBPrescTable                            0x08002910   Data           8  system_stm32f4xx.o(.constdata)
    Region$$Table$$Base                      0x080052e8   Number         0  anon$$obj.o(Region$$Table)
    Region$$Table$$Limit                     0x08005308   Number         0  anon$$obj.o(Region$$Table)
    page                                     0x20000000   Data           1  main.o(.data)
    flag                                     0x20000001   Data           1  main.o(.data)
    uwTickFreq                               0x20000004   Data           1  stm32f4xx_hal.o(.data)
    uwTickPrio                               0x20000008   Data           4  stm32f4xx_hal.o(.data)
    uwTick                                   0x2000000c   Data           4  stm32f4xx_hal.o(.data)
    SystemCoreClock                          0x20000010   Data           4  system_stm32f4xx.o(.data)
    Font16x24                                0x20000014   Data           8  stm32f4_discovery_lcd.o(.data)
    Font12x12                                0x2000001c   Data           8  stm32f4_discovery_lcd.o(.data)
    Font8x12                                 0x20000024   Data           8  stm32f4_discovery_lcd.o(.data)
    Font8x8                                  0x2000002c   Data           8  stm32f4_discovery_lcd.o(.data)
    hi2c1                                    0x2000003c   Data          84  main.o(.bss)
    lcd                                      0x20000090   Data        1024  main.o(.bss)
    buf                                      0x20000490   Data         256  main.o(.bss)
    hdma_i2c1_rx                             0x20000590   Data          96  main.o(.bss)
    hdma_i2c1_tx                             0x200005f0   Data          96  main.o(.bss)
    __initial_sp                             0x20004650   Data           0  startup_stm32f407xx.o(STACK)



==============================================================================

Memory Map of the image

  Image Entry point : 0x08000189

  Load Region LR_IROM1 (Base: 0x08000000, Size: 0x00005344, Max: 0x00100000, ABSOLUTE)

    Execution Region ER_IROM1 (Exec base: 0x08000000, Load base: 0x08000000, Size: 0x00005308, Max: 0x00100000, ABSOLUTE)

    Exec Addr    Load Addr    Size         Type   Attr      Idx    E Section Name        Object

    0x08000000   0x08000000   0x00000188   Data   RO            3    RESET               startup_stm32f407xx.o
    0x08000188   0x08000188   0x00000000   Code   RO         3056  * .ARM.Collect$$$$00000000  mc_w.l(entry.o)
    0x08000188   0x08000188   0x00000004   Code   RO         3075    .ARM.Collect$$$$00000001  mc_w.l(entry2.o)
    0x0800018c   0x0800018c   0x00000004   Code   RO         3078    .ARM.Collect$$$$00000004  mc_w.l(entry5.o)
    0x08000190   0x08000190   0x00000000   Code   RO         3080    .ARM.Collect$$$$00000008  mc_w.l(entry7b.o)
    0x08000190   0x08000190   0x00000000   Code   RO         3082    .ARM.Collect$$$$0000000A  mc_w.l(entry8b.o)
    0x08000190   0x08000190   0x00000008   Code   RO         3083    .ARM.Collect$$$$0000000B  mc_w.l(entry9a.o)
    0x08000198   0x08000198   0x00000000   Code   RO         3085    .ARM.Collect$$$$0000000D  mc_w.l(entry10a.o)
    0x08000198   0x08000198   0x00000000   Code   RO         3087    .ARM.Collect$$$$0000000F  mc_w.l(entry11a.o)
    0x08000198   0x08000198   0x00000004   Code   RO         3076    .ARM.Collect$$$$00002712  mc_w.l(entry2.o)
    0x0800019c   0x0800019c   0x00000024   Code   RO            4    .text               startup_stm32f407xx.o
    0x080001c0   0x080001c0   0x00000062   Code   RO         3059    .text               mc_w.l(uldiv.o)
    0x08000222   0x08000222   0x00000024   Code   RO         3061    .text               mc_w.l(memcpya.o)
    0x08000246   0x08000246   0x00000024   Code   RO         3063    .text               mc_w.l(memseta.o)
    0x0800026a   0x0800026a   0x0000001e   Code   RO         3089    .text               mc_w.l(llshl.o)
    0x08000288   0x08000288   0x00000020   Code   RO         3091    .text               mc_w.l(llushr.o)
    0x080002a8   0x080002a8   0x00000024   Code   RO         3096    .text               mc_w.l(init.o)
    0x080002cc   0x080002cc   0x00000002   Code   RO          180    i.BusFault_Handler  stm32f4xx_it.o
    0x080002ce   0x080002ce   0x00000002   PAD
    0x080002d0   0x080002d0   0x0000000c   Code   RO          181    i.DMA1_Stream0_IRQHandler  stm32f4xx_it.o
    0x080002dc   0x080002dc   0x0000000c   Code   RO          182    i.DMA1_Stream6_IRQHandler  stm32f4xx_it.o
    0x080002e8   0x080002e8   0x00000028   Code   RO         1221    i.DMA_CalcBaseAndBitshift  stm32f4xx_hal_dma.o
    0x08000310   0x08000310   0x00000054   Code   RO         1222    i.DMA_CheckFifoParam  stm32f4xx_hal_dma.o
    0x08000364   0x08000364   0x00000028   Code   RO         1223    i.DMA_SetConfig     stm32f4xx_hal_dma.o
    0x0800038c   0x0800038c   0x00000002   Code   RO          183    i.DebugMon_Handler  stm32f4xx_it.o
    0x0800038e   0x0800038e   0x00000004   Code   RO           13    i.Error_Handler     main.o
    0x08000392   0x08000392   0x00000002   PAD
    0x08000394   0x08000394   0x00000034   Code   RO         2396    i.FSMC_NORSRAMCmd   lcd.lib(stm32f4xx_fsmc.o)
    0x080003c8   0x080003c8   0x000000e6   Code   RO         2398    i.FSMC_NORSRAMInit  lcd.lib(stm32f4xx_fsmc.o)
    0x080004ae   0x080004ae   0x00000090   Code   RO         2630    i.GPIO_Init         lcd.lib(stm32f4xx_gpio.o)
    0x0800053e   0x0800053e   0x00000046   Code   RO         2631    i.GPIO_PinAFConfig  lcd.lib(stm32f4xx_gpio.o)
    0x08000584   0x08000584   0x00000004   Code   RO         2637    i.GPIO_ResetBits    lcd.lib(stm32f4xx_gpio.o)
    0x08000588   0x08000588   0x00000004   Code   RO         2638    i.GPIO_SetBits      lcd.lib(stm32f4xx_gpio.o)
    0x0800058c   0x0800058c   0x00000024   Code   RO         1225    i.HAL_DMA_Abort_IT  stm32f4xx_hal_dma.o
    0x080005b0   0x080005b0   0x00000004   Code   RO         1227    i.HAL_DMA_GetError  stm32f4xx_hal_dma.o
    0x080005b4   0x080005b4   0x00000006   Code   RO         1228    i.HAL_DMA_GetState  stm32f4xx_hal_dma.o
    0x080005ba   0x080005ba   0x00000002   PAD
    0x080005bc   0x080005bc   0x000001a0   Code   RO         1229    i.HAL_DMA_IRQHandler  stm32f4xx_hal_dma.o
    0x0800075c   0x0800075c   0x000000d4   Code   RO         1230    i.HAL_DMA_Init      stm32f4xx_hal_dma.o
    0x08000830   0x08000830   0x0000006e   Code   RO         1234    i.HAL_DMA_Start_IT  stm32f4xx_hal_dma.o
    0x0800089e   0x0800089e   0x00000002   PAD
    0x080008a0   0x080008a0   0x000001b8   Code   RO         1117    i.HAL_GPIO_Init     stm32f4xx_hal_gpio.o
    0x08000a58   0x08000a58   0x0000000a   Code   RO         1121    i.HAL_GPIO_WritePin  stm32f4xx_hal_gpio.o
    0x08000a62   0x08000a62   0x00000002   PAD
    0x08000a64   0x08000a64   0x0000000c   Code   RO         1649    i.HAL_GetTick       stm32f4xx_hal.o
    0x08000a70   0x08000a70   0x00000002   Code   RO          317    i.HAL_I2C_AbortCpltCallback  stm32f4xx_hal_i2c.o
    0x08000a72   0x08000a72   0x00000002   Code   RO          318    i.HAL_I2C_AddrCallback  stm32f4xx_hal_i2c.o
    0x08000a74   0x08000a74   0x000000ba   Code   RO          321    i.HAL_I2C_ER_IRQHandler  stm32f4xx_hal_i2c.o
    0x08000b2e   0x08000b2e   0x00000266   Code   RO          322    i.HAL_I2C_EV_IRQHandler  stm32f4xx_hal_i2c.o
    0x08000d94   0x08000d94   0x00000010   Code   RO           14    i.HAL_I2C_ErrorCallback  main.o
    0x08000da4   0x08000da4   0x00000188   Code   RO          328    i.HAL_I2C_Init      stm32f4xx_hal_i2c.o
    0x08000f2c   0x08000f2c   0x00000002   Code   RO          330    i.HAL_I2C_ListenCpltCallback  stm32f4xx_hal_i2c.o
    0x08000f2e   0x08000f2e   0x00000002   Code   RO          331    i.HAL_I2C_MasterRxCpltCallback  stm32f4xx_hal_i2c.o
    0x08000f30   0x08000f30   0x00000002   Code   RO          332    i.HAL_I2C_MasterTxCpltCallback  stm32f4xx_hal_i2c.o
    0x08000f32   0x08000f32   0x00000002   Code   RO          344    i.HAL_I2C_MemRxCpltCallback  stm32f4xx_hal_i2c.o
    0x08000f34   0x08000f34   0x00000002   Code   RO          345    i.HAL_I2C_MemTxCpltCallback  stm32f4xx_hal_i2c.o
    0x08000f36   0x08000f36   0x00000002   PAD
    0x08000f38   0x08000f38   0x000000f4   Code   RO          281    i.HAL_I2C_MspInit   stm32f4xx_hal_msp.o
    0x0800102c   0x0800102c   0x00000060   Code   RO           15    i.HAL_I2C_SlaveRxCpltCallback  main.o
    0x0800108c   0x0800108c   0x00000002   Code   RO          355    i.HAL_I2C_SlaveTxCpltCallback  stm32f4xx_hal_i2c.o
    0x0800108e   0x0800108e   0x00000002   PAD
    0x08001090   0x08001090   0x000000d4   Code   RO          357    i.HAL_I2C_Slave_Receive_DMA  stm32f4xx_hal_i2c.o
    0x08001164   0x08001164   0x00000010   Code   RO         1655    i.HAL_IncTick       stm32f4xx_hal.o
    0x08001174   0x08001174   0x00000034   Code   RO         1656    i.HAL_Init          stm32f4xx_hal.o
    0x080011a8   0x080011a8   0x00000040   Code   RO         1657    i.HAL_InitTick      stm32f4xx_hal.o
    0x080011e8   0x080011e8   0x00000030   Code   RO          282    i.HAL_MspInit       stm32f4xx_hal_msp.o
    0x08001218   0x08001218   0x0000001a   Code   RO         1506    i.HAL_NVIC_EnableIRQ  stm32f4xx_hal_cortex.o
    0x08001232   0x08001232   0x00000002   PAD
    0x08001234   0x08001234   0x00000040   Code   RO         1512    i.HAL_NVIC_SetPriority  stm32f4xx_hal_cortex.o
    0x08001274   0x08001274   0x00000024   Code   RO         1513    i.HAL_NVIC_SetPriorityGrouping  stm32f4xx_hal_cortex.o
    0x08001298   0x08001298   0x00000134   Code   RO          763    i.HAL_RCC_ClockConfig  stm32f4xx_hal_rcc.o
    0x080013cc   0x080013cc   0x00000020   Code   RO          770    i.HAL_RCC_GetPCLK1Freq  stm32f4xx_hal_rcc.o
    0x080013ec   0x080013ec   0x00000060   Code   RO          772    i.HAL_RCC_GetSysClockFreq  stm32f4xx_hal_rcc.o
    0x0800144c   0x0800144c   0x0000035c   Code   RO          775    i.HAL_RCC_OscConfig  stm32f4xx_hal_rcc.o
    0x080017a8   0x080017a8   0x00000028   Code   RO         1517    i.HAL_SYSTICK_Config  stm32f4xx_hal_cortex.o
    0x080017d0   0x080017d0   0x00000002   Code   RO          184    i.HardFault_Handler  stm32f4xx_it.o
    0x080017d2   0x080017d2   0x00000002   PAD
    0x080017d4   0x080017d4   0x0000000c   Code   RO          185    i.I2C1_ER_IRQHandler  stm32f4xx_it.o
    0x080017e0   0x080017e0   0x0000000c   Code   RO          186    i.I2C1_EV_IRQHandler  stm32f4xx_it.o
    0x080017ec   0x080017ec   0x000000bc   Code   RO          366    i.I2C_DMAAbort      stm32f4xx_hal_i2c.o
    0x080018a8   0x080018a8   0x00000040   Code   RO          367    i.I2C_DMAError      stm32f4xx_hal_i2c.o
    0x080018e8   0x080018e8   0x0000010a   Code   RO          368    i.I2C_DMAXferCplt   stm32f4xx_hal_i2c.o
    0x080019f2   0x080019f2   0x00000002   PAD
    0x080019f4   0x080019f4   0x00000158   Code   RO          369    i.I2C_ITError       stm32f4xx_hal_i2c.o
    0x08001b4c   0x08001b4c   0x000000d2   Code   RO          371    i.I2C_MasterReceive_BTF  stm32f4xx_hal_i2c.o
    0x08001c1e   0x08001c1e   0x00000002   PAD
    0x08001c20   0x08001c20   0x000000e8   Code   RO          372    i.I2C_MasterReceive_RXNE  stm32f4xx_hal_i2c.o
    0x08001d08   0x08001d08   0x00000074   Code   RO          375    i.I2C_MasterTransmit_BTF  stm32f4xx_hal_i2c.o
    0x08001d7c   0x08001d7c   0x000000b6   Code   RO          376    i.I2C_MasterTransmit_TXE  stm32f4xx_hal_i2c.o
    0x08001e32   0x08001e32   0x00000002   PAD
    0x08001e34   0x08001e34   0x00000118   Code   RO          377    i.I2C_Master_ADDR   stm32f4xx_hal_i2c.o
    0x08001f4c   0x08001f4c   0x0000008c   Code   RO          378    i.I2C_Master_SB     stm32f4xx_hal_i2c.o
    0x08001fd8   0x08001fd8   0x000000a0   Code   RO          379    i.I2C_MemoryTransmit_TXE_BTF  stm32f4xx_hal_i2c.o
    0x08002078   0x08002078   0x00000084   Code   RO          382    i.I2C_Slave_AF      stm32f4xx_hal_i2c.o
    0x080020fc   0x080020fc   0x0000015c   Code   RO          383    i.I2C_Slave_STOPF   stm32f4xx_hal_i2c.o
    0x08002258   0x08002258   0x0000002c   Code   RO         1966    i.LCD_Clear         lcd.lib(stm32f4_discovery_lcd.o)
    0x08002284   0x08002284   0x00000170   Code   RO         1970    i.LCD_CtrlLinesConfig  lcd.lib(stm32f4_discovery_lcd.o)
    0x080023f4   0x080023f4   0x0000005e   Code   RO         1984    i.LCD_FSMCConfig    lcd.lib(stm32f4_discovery_lcd.o)
    0x08002452   0x08002452   0x00000002   PAD
    0x08002454   0x08002454   0x00000010   Code   RO         1993    i.LCD_SetBackColor  lcd.lib(stm32f4_discovery_lcd.o)
    0x08002464   0x08002464   0x00000018   Code   RO         1995    i.LCD_SetCursor     lcd.lib(stm32f4_discovery_lcd.o)
    0x0800247c   0x0800247c   0x0000000c   Code   RO         1997    i.LCD_SetFont       lcd.lib(stm32f4_discovery_lcd.o)
    0x08002488   0x08002488   0x00000010   Code   RO         1998    i.LCD_SetTextColor  lcd.lib(stm32f4_discovery_lcd.o)
    0x08002498   0x08002498   0x0000000c   Code   RO         2001    i.LCD_WriteRAM      lcd.lib(stm32f4_discovery_lcd.o)
    0x080024a4   0x080024a4   0x0000000a   Code   RO         2002    i.LCD_WriteRAM_Prepare  lcd.lib(stm32f4_discovery_lcd.o)
    0x080024ae   0x080024ae   0x00000002   PAD
    0x080024b0   0x080024b0   0x00000010   Code   RO         2003    i.LCD_WriteReg      lcd.lib(stm32f4_discovery_lcd.o)
    0x080024c0   0x080024c0   0x00000070   Code   RO           16    i.MX_GPIO_Init      main.o
    0x08002530   0x08002530   0x00000002   Code   RO          187    i.MemManage_Handler  stm32f4xx_it.o
    0x08002532   0x08002532   0x00000002   Code   RO          188    i.NMI_Handler       stm32f4xx_it.o
    0x08002534   0x08002534   0x00000002   Code   RO          189    i.PendSV_Handler    stm32f4xx_it.o
    0x08002536   0x08002536   0x00000002   PAD
    0x08002538   0x08002538   0x00000020   Code   RO         2737    i.RCC_AHB1PeriphClockCmd  lcd.lib(stm32f4xx_rcc.o)
    0x08002558   0x08002558   0x00000020   Code   RO         2743    i.RCC_AHB3PeriphClockCmd  lcd.lib(stm32f4xx_rcc.o)
    0x08002578   0x08002578   0x00000164   Code   RO         2004    i.STM32f4_Discovery_LCD_Init  lcd.lib(stm32f4_discovery_lcd.o)
    0x080026dc   0x080026dc   0x00000002   Code   RO          190    i.SVC_Handler       stm32f4xx_it.o
    0x080026de   0x080026de   0x00000004   Code   RO          191    i.SysTick_Handler   stm32f4xx_it.o
    0x080026e2   0x080026e2   0x00000002   PAD
    0x080026e4   0x080026e4   0x00000098   Code   RO           17    i.SystemClock_Config  main.o
    0x0800277c   0x0800277c   0x0000001c   Code   RO         1931    i.SystemInit        system_stm32f4xx.o
    0x08002798   0x08002798   0x00000002   Code   RO          192    i.UsageFault_Handler  stm32f4xx_it.o
    0x0800279a   0x0800279a   0x00000022   Code   RO         2006    i._Z5delayj         lcd.lib(stm32f4_discovery_lcd.o)
    0x080027bc   0x080027bc   0x00000020   Code   RO         1519    i.__NVIC_SetPriority  stm32f4xx_hal_cortex.o
    0x080027dc   0x080027dc   0x0000000e   Code   RO         3100    i.__scatterload_copy  mc_w.l(handlers.o)
    0x080027ea   0x080027ea   0x00000002   Code   RO         3101    i.__scatterload_null  mc_w.l(handlers.o)
    0x080027ec   0x080027ec   0x0000000e   Code   RO         3102    i.__scatterload_zeroinit  mc_w.l(handlers.o)
    0x080027fa   0x080027fa   0x00000002   PAD
    0x080027fc   0x080027fc   0x000000fc   Code   RO           18    i.main              main.o
    0x080028f8   0x080028f8   0x00000008   Data   RO         1236    .constdata          stm32f4xx_hal_dma.o
    0x08002900   0x08002900   0x00000010   Data   RO         1932    .constdata          system_stm32f4xx.o
    0x08002910   0x08002910   0x00000008   Data   RO         1933    .constdata          system_stm32f4xx.o
    0x08002918   0x08002918   0x000029d0   Data   RO         2050    .constdata          lcd.lib(stm32f4_discovery_lcd.o)
    0x080052e8   0x080052e8   0x00000020   Data   RO         3098    Region$$Table       anon$$obj.o


    Execution Region RW_IRAM2 (Exec base: 0x10000000, Load base: 0x08005344, Size: 0x00000000, Max: 0x00010000, ABSOLUTE)

    **** No section assigned to this execution region ****


    Execution Region RW_IRAM1 (Exec base: 0x20000000, Load base: 0x08005308, Size: 0x00004650, Max: 0x00020000, ABSOLUTE)

    Exec Addr    Load Addr    Size         Type   Attr      Idx    E Section Name        Object

    0x20000000   0x08005308   0x00000002   Data   RW           22    .data               main.o
    0x20000002   0x0800530a   0x00000002   PAD
    0x20000004   0x0800530c   0x0000000c   Data   RW         1663    .data               stm32f4xx_hal.o
    0x20000010   0x08005318   0x00000004   Data   RW         1934    .data               system_stm32f4xx.o
    0x20000014   0x0800531c   0x00000028   Data   RW         2051    .data               lcd.lib(stm32f4_discovery_lcd.o)
    0x2000003c        -       0x00000554   Zero   RW           19    .bss                main.o
    0x20000590        -       0x00000060   Zero   RW           20    .bss                main.o
    0x200005f0        -       0x00000060   Zero   RW           21    .bss                main.o
    0x20000650        -       0x00004000   Zero   RW            1    STACK               startup_stm32f407xx.o


==============================================================================

Image component sizes


      Code (inc. data)   RO Data    RW Data    ZI Data      Debug   Object Name

       632         60          0          2       1556     658254   main.o
        36          8        392          0      16384        828   startup_stm32f407xx.o
       144         24          0         12          0       8717   stm32f4xx_hal.o
       198         14          0          0          0      33899   stm32f4xx_hal_cortex.o
       948         16          8          0          0       7556   stm32f4xx_hal_dma.o
       450         46          0          0          0       2372   stm32f4xx_hal_gpio.o
      4082         66          0          0          0      23527   stm32f4xx_hal_i2c.o
       292         30          0          0          0       1756   stm32f4xx_hal_msp.o
      1296         60          0          0          0       4593   stm32f4xx_hal_rcc.o
        68         24          0          0          0       5956   stm32f4xx_it.o
        28          6         24          4          0       1131   system_stm32f4xx.o

    ----------------------------------------------------------------------
      8202        354        456         20      17940     748589   Object Totals
         0          0         32          0          0          0   (incl. Generated)
        28          0          0          2          0          0   (incl. Padding)

    ----------------------------------------------------------------------

      Code (inc. data)   RO Data    RW Data    ZI Data      Debug   Library Member Name

      1002         52      10704         40          0      26708   stm32f4_discovery_lcd.o
       282          6          0          0          0     223549   stm32f4xx_fsmc.o
       222          0          0          0          0       2839   stm32f4xx_gpio.o
        64         12          0          0          0       1130   stm32f4xx_rcc.o
         0          0          0          0          0          0   entry.o
         0          0          0          0          0          0   entry10a.o
         0          0          0          0          0          0   entry11a.o
         8          4          0          0          0          0   entry2.o
         4          0          0          0          0          0   entry5.o
         0          0          0          0          0          0   entry7b.o
         0          0          0          0          0          0   entry8b.o
         8          4          0          0          0          0   entry9a.o
        30          0          0          0          0          0   handlers.o
        36          8          0          0          0         68   init.o
        30          0          0          0          0         68   llshl.o
        32          0          0          0          0         68   llushr.o
        36          0          0          0          0         68   memcpya.o
        36          0          0          0          0        108   memseta.o
        98          0          0          0          0         92   uldiv.o

    ----------------------------------------------------------------------
      1894         86      10704         40          0     254698   Library Totals
         6          0          0          0          0          0   (incl. Padding)

    ----------------------------------------------------------------------

      Code (inc. data)   RO Data    RW Data    ZI Data      Debug   Library Name

      1570         70      10704         40          0     254226   lcd.lib
       318         16          0          0          0        472   mc_w.l

    ----------------------------------------------------------------------
      1894         86      10704         40          0     254698   Library Totals

    ----------------------------------------------------------------------

==============================================================================


      Code (inc. data)   RO Data    RW Data    ZI Data      Debug   

     10096        440      11160         60      17940     996151   Grand Totals
     10096        440      11160         60      17940     996151   ELF Image Totals
     10096        440      11160         60          0          0   ROM Totals

==============================================================================

    Total RO  Size (Code + RO Data)                21256 (  20.76kB)
    Total RW  Size (RW Data + ZI Data)             18000 (  17.58kB)
    Total ROM Size (Code + RO Data + RW Data)      21316 (  20.82kB)

==============================================================================

